Archive member included to satisfy reference by file (symbol)

f:/program files (x86)/atmel/studio/7.0/toolchain/avr8/avr8-gnu-toolchain/bin/../lib/gcc/avr/5.4.0/../../../../avr/lib/avrxmega6\libm.a(cmpsf2.o)
                              src/lcd/lcd.o (__ltsf2)
f:/program files (x86)/atmel/studio/7.0/toolchain/avr8/avr8-gnu-toolchain/bin/../lib/gcc/avr/5.4.0/../../../../avr/lib/avrxmega6\libm.a(divsf3.o)
                              src/lcd/lcd.o (__divsf3)
f:/program files (x86)/atmel/studio/7.0/toolchain/avr8/avr8-gnu-toolchain/bin/../lib/gcc/avr/5.4.0/../../../../avr/lib/avrxmega6\libm.a(divsf3x.o)
                              f:/program files (x86)/atmel/studio/7.0/toolchain/avr8/avr8-gnu-toolchain/bin/../lib/gcc/avr/5.4.0/../../../../avr/lib/avrxmega6\libm.a(divsf3.o) (__divsf3x)
f:/program files (x86)/atmel/studio/7.0/toolchain/avr8/avr8-gnu-toolchain/bin/../lib/gcc/avr/5.4.0/../../../../avr/lib/avrxmega6\libm.a(fixsfdi.o)
                              src/main.o (__fixsfdi)
f:/program files (x86)/atmel/studio/7.0/toolchain/avr8/avr8-gnu-toolchain/bin/../lib/gcc/avr/5.4.0/../../../../avr/lib/avrxmega6\libm.a(fixunssfsi.o)
                              src/lcd/lcd.o (__fixunssfsi)
f:/program files (x86)/atmel/studio/7.0/toolchain/avr8/avr8-gnu-toolchain/bin/../lib/gcc/avr/5.4.0/../../../../avr/lib/avrxmega6\libm.a(floatdisf.o)
                              src/main.o (__floatdisf)
f:/program files (x86)/atmel/studio/7.0/toolchain/avr8/avr8-gnu-toolchain/bin/../lib/gcc/avr/5.4.0/../../../../avr/lib/avrxmega6\libm.a(floatundisf.o)
                              src/main.o (__floatundisf)
f:/program files (x86)/atmel/studio/7.0/toolchain/avr8/avr8-gnu-toolchain/bin/../lib/gcc/avr/5.4.0/../../../../avr/lib/avrxmega6\libm.a(fp_cmp.o)
                              f:/program files (x86)/atmel/studio/7.0/toolchain/avr8/avr8-gnu-toolchain/bin/../lib/gcc/avr/5.4.0/../../../../avr/lib/avrxmega6\libm.a(cmpsf2.o) (__fp_cmp)
f:/program files (x86)/atmel/studio/7.0/toolchain/avr8/avr8-gnu-toolchain/bin/../lib/gcc/avr/5.4.0/../../../../avr/lib/avrxmega6\libm.a(fp_inf.o)
                              f:/program files (x86)/atmel/studio/7.0/toolchain/avr8/avr8-gnu-toolchain/bin/../lib/gcc/avr/5.4.0/../../../../avr/lib/avrxmega6\libm.a(divsf3x.o) (__fp_inf)
f:/program files (x86)/atmel/studio/7.0/toolchain/avr8/avr8-gnu-toolchain/bin/../lib/gcc/avr/5.4.0/../../../../avr/lib/avrxmega6\libm.a(fp_nan.o)
                              f:/program files (x86)/atmel/studio/7.0/toolchain/avr8/avr8-gnu-toolchain/bin/../lib/gcc/avr/5.4.0/../../../../avr/lib/avrxmega6\libm.a(divsf3x.o) (__fp_nan)
f:/program files (x86)/atmel/studio/7.0/toolchain/avr8/avr8-gnu-toolchain/bin/../lib/gcc/avr/5.4.0/../../../../avr/lib/avrxmega6\libm.a(fp_negdi.o)
                              f:/program files (x86)/atmel/studio/7.0/toolchain/avr8/avr8-gnu-toolchain/bin/../lib/gcc/avr/5.4.0/../../../../avr/lib/avrxmega6\libm.a(fixsfdi.o) (__fp_negdi)
f:/program files (x86)/atmel/studio/7.0/toolchain/avr8/avr8-gnu-toolchain/bin/../lib/gcc/avr/5.4.0/../../../../avr/lib/avrxmega6\libm.a(fp_pscA.o)
                              f:/program files (x86)/atmel/studio/7.0/toolchain/avr8/avr8-gnu-toolchain/bin/../lib/gcc/avr/5.4.0/../../../../avr/lib/avrxmega6\libm.a(divsf3x.o) (__fp_pscA)
f:/program files (x86)/atmel/studio/7.0/toolchain/avr8/avr8-gnu-toolchain/bin/../lib/gcc/avr/5.4.0/../../../../avr/lib/avrxmega6\libm.a(fp_pscB.o)
                              f:/program files (x86)/atmel/studio/7.0/toolchain/avr8/avr8-gnu-toolchain/bin/../lib/gcc/avr/5.4.0/../../../../avr/lib/avrxmega6\libm.a(divsf3x.o) (__fp_pscB)
f:/program files (x86)/atmel/studio/7.0/toolchain/avr8/avr8-gnu-toolchain/bin/../lib/gcc/avr/5.4.0/../../../../avr/lib/avrxmega6\libm.a(fp_round.o)
                              f:/program files (x86)/atmel/studio/7.0/toolchain/avr8/avr8-gnu-toolchain/bin/../lib/gcc/avr/5.4.0/../../../../avr/lib/avrxmega6\libm.a(divsf3.o) (__fp_round)
f:/program files (x86)/atmel/studio/7.0/toolchain/avr8/avr8-gnu-toolchain/bin/../lib/gcc/avr/5.4.0/../../../../avr/lib/avrxmega6\libm.a(fp_split3.o)
                              f:/program files (x86)/atmel/studio/7.0/toolchain/avr8/avr8-gnu-toolchain/bin/../lib/gcc/avr/5.4.0/../../../../avr/lib/avrxmega6\libm.a(divsf3x.o) (__fp_split3)
f:/program files (x86)/atmel/studio/7.0/toolchain/avr8/avr8-gnu-toolchain/bin/../lib/gcc/avr/5.4.0/../../../../avr/lib/avrxmega6\libm.a(fp_zero.o)
                              f:/program files (x86)/atmel/studio/7.0/toolchain/avr8/avr8-gnu-toolchain/bin/../lib/gcc/avr/5.4.0/../../../../avr/lib/avrxmega6\libm.a(fixunssfsi.o) (__fp_zero)
f:/program files (x86)/atmel/studio/7.0/toolchain/avr8/avr8-gnu-toolchain/bin/../lib/gcc/avr/5.4.0/../../../../avr/lib/avrxmega6\libm.a(gesf2.o)
                              src/lcd/lcd.o (__gtsf2)
f:/program files (x86)/atmel/studio/7.0/toolchain/avr8/avr8-gnu-toolchain/bin/../lib/gcc/avr/5.4.0/../../../../avr/lib/avrxmega6\libm.a(mulsf3.o)
[...]
Memory Configuration

Name             Origin             Length             Attributes
text             0x00000000         0x00042000         xr
data             0x00802000         0x00004000         rw !x
eeprom           0x00810000         0x00001000         rw !x
fuse             0x00820000         0x00000006         rw !x
lock             0x00830000         0x00000400         rw !x
signature        0x00840000         0x00000400         rw !x
user_signatures  0x00850000         0x00000400         rw !x
*default*        0x00000000         0xffffffff

Linker script and memory map

LOAD F:/Program Files (x86)/Atmel/Studio/7.0/Packs/atmel/XMEGAA_DFP/1.3.146/gcc/dev/atxmega256a3/avrxmega6/crtatxmega256a3.o
LOAD src/apd.o
LOAD src/asf/common/boards/user_board/init.o
LOAD src/asf/common/services/clock/xmega/sysclk.o
LOAD src/asf/common/services/sleepmgr/xmega/sleepmgr.o
LOAD src/asf/common/utils/stdio/read.o
LOAD src/asf/common/utils/stdio/write.o
LOAD src/asf/xmega/drivers/cpu/ccp.o
LOAD src/asf/xmega/drivers/ioport/ioport.o
LOAD src/asf/xmega/drivers/tc/tc.o
LOAD src/asf/xmega/drivers/usart/usart.o
LOAD src/eeprom/eeprom.o
LOAD src/lcd/lcd.o
LOAD src/main.o
LOAD src/modbus/Mbus.o
LOAD src/twi/twi.o
START GROUP
LOAD f:/program files (x86)/atmel/studio/7.0/toolchain/avr8/avr8-gnu-toolchain/bin/../lib/gcc/avr/5.4.0/../../../../avr/lib/avrxmega6\libm.a
END GROUP
START GROUP
LOAD f:/program files (x86)/atmel/studio/7.0/toolchain/avr8/avr8-gnu-toolchain/bin/../lib/gcc/avr/5.4.0/avrxmega6\libgcc.a
LOAD f:/program files (x86)/atmel/studio/7.0/toolchain/avr8/avr8-gnu-toolchain/bin/../lib/gcc/avr/5.4.0/../../../../avr/lib/avrxmega6\libm.a
LOAD f:/program files (x86)/atmel/studio/7.0/toolchain/avr8/avr8-gnu-toolchain/bin/../lib/gcc/avr/5.4.0/../../../../avr/lib/avrxmega6\libc.a
LOAD F:/Program Files (x86)/Atmel/Studio/7.0/Packs/atmel/XMEGAA_DFP/1.3.146/gcc/dev/atxmega256a3/avrxmega6\libatxmega256a3.a
END GROUP
                0x00000000                __TEXT_REGION_ORIGIN__ = DEFINED (__TEXT_REGION_ORIGIN__)?__TEXT_REGION_ORIGIN__:0x0
                [0x00802000]                __DATA_REGION_ORIGIN__ = DEFINED (__DATA_REGION_ORIGIN__)?__DATA_REGION_ORIGIN__:0x802000
                [0x00042000]                __TEXT_REGION_LENGTH__ = DEFINED (__TEXT_REGION_LENGTH__)?__TEXT_REGION_LENGTH__:0x100000
                [0x00004000]                __DATA_REGION_LENGTH__ = DEFINED (__DATA_REGION_LENGTH__)?__DATA_REGION_LENGTH__:0xffa0
                [0x00001000]                __EEPROM_REGION_LENGTH__ = DEFINED (__EEPROM_REGION_LENGTH__)?__EEPROM_REGION_LENGTH__:0x10000
                [0x00000006]                __FUSE_REGION_LENGTH__ = DEFINED (__FUSE_REGION_LENGTH__)?__FUSE_REGION_LENGTH__:0x400
                0x00000400                __LOCK_REGION_LENGTH__ = DEFINED (__LOCK_REGION_LENGTH__)?__LOCK_REGION_LENGTH__:0x400
                0x00000400                __SIGNATURE_REGION_LENGTH__ = DEFINED (__SIGNATURE_REGION_LENGTH__)?__SIGNATURE_REGION_LENGTH__:0x400
                0x00000400                __USER_SIGNATURE_REGION_LENGTH__ = DEFINED (__USER_SIGNATURE_REGION_LENGTH__)?__USER_SIGNATURE_REGION_LENGTH__:0x400

.hash
 *(.hash)

.dynsym
 *(.dynsym)

.dynstr
 *(.dynstr)

.gnu.version
 *(.gnu.version)

.gnu.version_d
 *(.gnu.version_d)

.gnu.version_r
 *(.gnu.version_r)

.rel.init
 *(.rel.init)

.rela.init
 *(.rela.init)

.rel.text
 *(.rel.text)
 *(.rel.text.*)
 *(.rel.gnu.linkonce.t*)

.rela.text
 *(.rela.text)
 *(.rela.text.*)
 *(.rela.gnu.linkonce.t*)

.rel.fini
 *(.rel.fini)

.rela.fini
 *(.rela.fini)

.rel.rodata
 *(.rel.rodata)
 *(.rel.rodata.*)
 *(.rel.gnu.linkonce.r*)

.rela.rodata
 *(.rela.rodata)
 *(.rela.rodata.*)
 *(.rela.gnu.linkonce.r*)

.rel.data
 *(.rel.data)
 *(.rel.data.*)
 *(.rel.gnu.linkonce.d*)

.rela.data
 *(.rela.data)
 *(.rela.data.*)
 *(.rela.gnu.linkonce.d*)

.rel.ctors
 *(.rel.ctors)

.rela.ctors
 *(.rela.ctors)

.rel.dtors
 *(.rel.dtors)

.rela.dtors
 *(.rela.dtors)

.rel.got
 *(.rel.got)

.rela.got
 *(.rela.got)

.rel.bss
 *(.rel.bss)

.rela.bss
 *(.rela.bss)

.rel.plt
 *(.rel.plt)

.rela.plt
 *(.rela.plt)

.text           0x00000000    0x1ad12
 *(.vectors)
 .vectors       0x00000000      0x1e8 F:/Program Files (x86)/Atmel/Studio/7.0/Packs/atmel/XMEGAA_DFP/1.3.146/gcc/dev/atxmega256a3/avrxmega6/crtatxmega256a3.o
                0x00000000                __vector_default
                0x00000000                __vectors
 *(.vectors)
 *(.progmem.gcc*)
 .progmem.gcc_sw_table.SCREEN_TIME
                0x000001e8       0x18 src/main.o
 .progmem.gcc_sw_table.SCREEN_SETTINGS
                0x00000200       0x38 src/main.o
 .progmem.gcc_sw_table.SCREEN_EVENTS_SETTINGS
                0x00000238       0x14 src/main.o
 .progmem.gcc_sw_table.main
                0x0000024c       0x2c src/main.o
                0x00000278                . = ALIGN (0x2)
                0x00000278                __trampolines_start = .
 *(.trampolines)
 .trampolines   0x00000278        0x0 linker stubs
 *(.trampolines*)
                0x00000278                __trampolines_end = .
 *libprintf_flt.a:*(.progmem.data)
 *libc.a:*(.progmem.data)
 *(.progmem*)
 .progmem.data.APD_PrjData
                0x00000278     0x7a28 src/main.o
                0x00000278                APD_PrjData
                0x00007ca0                . = ALIGN (0x2)
 *(.jumptables)
 *(.jumptables*)
 *(.lowtext)
 *(.lowtext*)
                0x00007ca0                __ctors_start = .
 *(.ctors)
                0x00007ca0                __ctors_end = .
                0x00007ca0                __dtors_start = .
 *(.dtors)
                0x00007ca0                __dtors_end = .
 SORT(*)(.ctors)
 SORT(*)(.dtors)
 *(.init0)
 .init0         0x00007ca0        0x0 F:/Program Files (x86)/Atmel/Studio/7.0/Packs/atmel/XMEGAA_DFP/1.3.146/gcc/dev/atxmega256a3/avrxmega6/crtatxmega256a3.o
                0x00007ca0                __init
 *(.init0)
 *(.init1)
 *(.init1)
 *(.init2)
 .init2         0x00007ca0       0x10 F:/Program Files (x86)/Atmel/Studio/7.0/Packs/atmel/XMEGAA_DFP/1.3.146/gcc/dev/atxmega256a3/avrxmega6/crtatxmega256a3.o
 *(.init2)
 *(.init3)
 *(.init3)
 *(.init4)
 .init4         0x00007cb0       0x1a f:/program files (x86)/atmel/studio/7.0/toolchain/avr8/avr8-gnu-toolchain/bin/../lib/gcc/avr/5.4.0/avrxmega6\libgcc.a(_copy_data.o)
                0x00007cb0                __do_copy_data
 .init4         0x00007cca       0x10 f:/program files (x86)/atmel/studio/7.0/toolchain/avr8/avr8-gnu-toolchain/bin/../lib/gcc/avr/5.4.0/avrxmega6\libgcc.a(_clear_bss.o)
                0x00007cca                __do_clear_bss
 *(.init4)
 *(.init5)
 *(.init5)
 *(.init6)
 *(.init6)
 *(.init7)
 *(.init7)
 *(.init8)
 *(.init8)
 *(.init9)
 .init9         0x00007cda        0x8 F:/Program Files (x86)/Atmel/Studio/7.0/Packs/atmel/XMEGAA_DFP/1.3.146/gcc/dev/atxmega256a3/avrxmega6/crtatxmega256a3.o
 *(.init9)
 *(.text)
 .text          0x00007ce2        0x4 F:/Program Files (x86)/Atmel/Studio/7.0/Packs/atmel/XMEGAA_DFP/1.3.146/gcc/dev/atxmega256a3/avrxmega6/crtatxmega256a3.o
                0x00007ce2                __vector_38
                0x00007ce2                __vector_104
                0x00007ce2                __vector_67
                0x00007ce2                __vector_1
                0x00007ce2                __vector_32
                0x00007ce2                __vector_75
                0x00007ce2                __vector_71
                0x00007ce2                __vector_91
                0x00007ce2                __vector_34
                0x00007ce2                __vector_62
                0x00007ce2                __vector_102
                0x00007ce2                __vector_24
                0x00007ce2                __vector_12
                0x00007ce2                __vector_69
                0x00007ce2                __vector_90
                0x00007ce2                __vector_46
                0x00007ce2                __bad_interrupt
                0x00007ce2                __vector_72
                0x00007ce2                __vector_114
                0x00007ce2                __vector_6
                0x00007ce2                __vector_31
                0x00007ce2                __vector_92
                0x00007ce2                __vector_35
                0x00007ce2                __vector_74
                0x00007ce2                __vector_117
                0x00007ce2                __vector_39
                0x00007ce2                __vector_107
                0x00007ce2                __vector_3
                0x00007ce2                __vector_105
                0x00007ce2                __vector_98
                0x00007ce2                __vector_68
                0x00007ce2                __vector_73
                0x00007ce2                __vector_45
                0x00007ce2                __vector_25
                0x00007ce2                __vector_93
                0x00007ce2                __vector_11
                0x00007ce2                __vector_99
                0x00007ce2                __vector_13
                0x00007ce2                __vector_7
                0x00007ce2                __vector_41
                0x00007ce2                __vector_100
                0x00007ce2                __vector_101
                0x00007ce2                __vector_64
                0x00007ce2                __vector_88
                0x00007ce2                __vector_43
                0x00007ce2                __vector_27
                0x00007ce2                __vector_5
                0x00007ce2                __vector_33
                0x00007ce2                __vector_76
                0x00007ce2                __vector_115
                0x00007ce2                __vector_47
                0x00007ce2                __vector_37
                0x00007ce2                __vector_95
                0x00007ce2                __vector_103
                0x00007ce2                __vector_96
                0x00007ce2                __vector_89
                0x00007ce2                __vector_4
                0x00007ce2                __vector_44
                0x00007ce2                __vector_106
                0x00007ce2                __vector_118
                0x00007ce2                __vector_9
                0x00007ce2                __vector_2
                0x00007ce2                __vector_66
                0x00007ce2                __vector_36
                0x00007ce2                __vector_70
                0x00007ce2                __vector_29
                0x00007ce2                __vector_60
                0x00007ce2                __vector_121
                0x00007ce2                __vector_40
                0x00007ce2                __vector_94
                0x00007ce2                __vector_8
                0x00007ce2                __vector_26
                0x00007ce2                __vector_116
                0x00007ce2                __vector_57
                0x00007ce2                __vector_10
                0x00007ce2                __vector_59
                0x00007ce2                __vector_97
                0x00007ce2                __vector_42
                0x00007ce2                __vector_87
                0x00007ce2                __vector_65
                0x00007ce2                __vector_120
                0x00007ce6                . = ALIGN (0x2)
 *(.text.*)
 .text.cpu_irq_save
                0x00007ce6       0x20 src/asf/common/services/clock/xmega/sysclk.o
 .text.cpu_irq_restore
                0x00007d06       0x20 src/asf/common/services/clock/xmega/sysclk.o
 .text.sysclk_enable_module
                0x00007d26       0x48 src/asf/common/services/clock/xmega/sysclk.o
                0x00007d26                sysclk_enable_module
 .text.ccp_write_io
                0x00007d6e        0xc src/asf/xmega/drivers/cpu/ccp.o
                0x00007d6e                ccp_write_io
 .text.__vector_15
                0x00007d7a       0x7a src/asf/xmega/drivers/tc/tc.o
                0x00007d7a                __vector_15
 .text.__vector_16
                0x00007df4       0x7a src/asf/xmega/drivers/tc/tc.o
                0x00007df4                __vector_16
 .text.__vector_17
                0x00007e6e       0x7a src/asf/xmega/drivers/tc/tc.o
                0x00007e6e                __vector_17
 .text.__vector_18
                0x00007ee8       0x7a src/asf/xmega/drivers/tc/tc.o
                0x00007ee8                __vector_18
 .text.__vector_19
                0x00007f62       0x7a src/asf/xmega/drivers/tc/tc.o
                0x00007f62                __vector_19
 .text.__vector_21
                0x00007fdc       0x7a src/asf/xmega/drivers/tc/tc.o
                0x00007fdc                __vector_21
 .text.__vector_22
                0x00008056       0x7a src/asf/xmega/drivers/tc/tc.o
                0x00008056                __vector_22
 .text.__vector_23
                0x000080d0       0x7a src/asf/xmega/drivers/tc/tc.o
                0x000080d0                __vector_23
 .text.__vector_78
                0x0000814a       0x7a src/asf/xmega/drivers/tc/tc.o
                0x0000814a                __vector_78
 .text.__vector_79
                0x000081c4       0x7a src/asf/xmega/drivers/tc/tc.o
                0x000081c4                __vector_79
 .text.__vector_80
                0x0000823e       0x7a src/asf/xmega/drivers/tc/tc.o
                0x0000823e                __vector_80
 .text.__vector_81
                0x000082b8       0x7a src/asf/xmega/drivers/tc/tc.o
                0x000082b8                __vector_81
 .text.__vector_82
                0x00008332       0x7a src/asf/xmega/drivers/tc/tc.o
                0x00008332                __vector_82
 .text.__vector_84
                0x000083ac       0x7a src/asf/xmega/drivers/tc/tc.o
                0x000083ac                __vector_84
 .text.__vector_85
                0x00008426       0x7a src/asf/xmega/drivers/tc/tc.o
                0x00008426                __vector_85
 .text.__vector_86
                0x000084a0       0x7a src/asf/xmega/drivers/tc/tc.o
                0x000084a0                __vector_86
 .text.__vector_48
                0x0000851a       0x7a src/asf/xmega/drivers/tc/tc.o
                0x0000851a                __vector_48
 .text.__vector_49
                0x00008594       0x7a src/asf/xmega/drivers/tc/tc.o
                0x00008594                __vector_49
 .text.__vector_50
                0x0000860e       0x7a src/asf/xmega/drivers/tc/tc.o
                0x0000860e                __vector_50
 .text.__vector_51
                0x00008688       0x7a src/asf/xmega/drivers/tc/tc.o
                0x00008688                __vector_51
 .text.__vector_52
                0x00008702       0x7a src/asf/xmega/drivers/tc/tc.o
                0x00008702                __vector_52
 .text.__vector_54
                0x0000877c       0x7a src/asf/xmega/drivers/tc/tc.o
                0x0000877c                __vector_54
 .text.__vector_56
                0x000087f6       0x7a src/asf/xmega/drivers/tc/tc.o
                0x000087f6                __vector_56
 .text.__vector_109
                0x00008870       0x7a src/asf/xmega/drivers/tc/tc.o
                0x00008870                __vector_109
 .text.__vector_110
                0x000088ea       0x7a src/asf/xmega/drivers/tc/tc.o
                0x000088ea                __vector_110
 .text.__vector_111
                0x00008964       0x7a src/asf/xmega/drivers/tc/tc.o
                0x00008964                __vector_111
 .text.__vector_112
                0x000089de       0x7a src/asf/xmega/drivers/tc/tc.o
                0x000089de                __vector_112
 .text.__vector_113
                0x00008a58       0x7a src/asf/xmega/drivers/tc/tc.o
                0x00008a58                __vector_113
 .text.usart_data_register_is_empty
                0x00008ad2       0x34 src/asf/xmega/drivers/usart/usart.o
 .text.usart_putchar
                0x00008b06       0x3c src/asf/xmega/drivers/usart/usart.o
                0x00008b06                usart_putchar
 .text.usart_set_baudrate
                0x00008b42      0x37c src/asf/xmega/drivers/usart/usart.o
                0x00008b42                usart_set_baudrate
 .text.EEPROM_BuildControlCode
                0x00008ebe       0x38 src/eeprom/eeprom.o
                0x00008ebe                EEPROM_BuildControlCode
 .text.EEPROM_WriteBlock
                0x00008ef6      0x142 src/eeprom/eeprom.o
                0x00008ef6                EEPROM_WriteBlock
 .text.EEPROM_ReadBlock
                0x00009038      0x13a src/eeprom/eeprom.o
                0x00009038                EEPROM_ReadBlock
 .text.LCD_Clear
                0x00009172       0x1c src/lcd/lcd.o
                0x00009172                LCD_Clear
 .text.LCD_Init
                0x0000918e       0x6e src/lcd/lcd.o
                0x0000918e                LCD_Init
 .text.LCD_Ready
                0x000091fc      0x270 src/lcd/lcd.o
                0x000091fc                LCD_Ready
 .text.LCD_Write
                0x0000946c      0x298 src/lcd/lcd.o
                0x0000946c                LCD_Write
 .text.LCD_PutSym
                0x00009704       0x42 src/lcd/lcd.o
                0x00009704                LCD_PutSym
 .text.LCD_PutValDec
                0x00009746      0x170 src/lcd/lcd.o
                0x00009746                LCD_PutValDec
 .text.LCD_PutValDecPointMaskNeg_
                0x000098b6      0x454 src/lcd/lcd.o
                0x000098b6                LCD_PutValDecPointMaskNeg_
 .text.LCD_PutValHex
                0x00009d0a      0x184 src/lcd/lcd.o
                0x00009d0a                LCD_PutValHex
 .text.LCD_PutValHexPoint
                0x00009e8e      0x1aa src/lcd/lcd.o
                0x00009e8e                LCD_PutValHexPoint
 .text.LCD_PutValBinPoint
                0x0000a038      0x122 src/lcd/lcd.o
                0x0000a038                LCD_PutValBinPoint
 .text.LCD_PutStr
                0x0000a15a       0x74 src/lcd/lcd.o
                0x0000a15a                LCD_PutStr
 .text.LCD_PutStrNum
                0x0000a1ce       0x74 src/lcd/lcd.o
                0x0000a1ce                LCD_PutStrNum
 .text.LCD_UserDefinedSymbols
                0x0000a242      0x196 src/lcd/lcd.o
                0x0000a242                LCD_UserDefinedSymbols
 .text.pmic_init
                0x0000a3d8       0x1a src/main.o
 .text.pmic_enable_level
                0x0000a3f2       0x2a src/main.o
 .text.usart_rx_enable
                0x0000a41c       0x30 src/main.o
 .text.usart_format_set
                0x0000a44c       0x46 src/main.o
 .text.usart_tx_enable
                0x0000a492       0x30 src/main.o
 .text.usart_set_rx_interrupt_level
                0x0000a4c2       0x38 src/main.o
 .text.usart_set_tx_interrupt_level
                0x0000a4fa       0x38 src/main.o
 .text.usart_set_mode
                0x0000a532       0x38 src/main.o
 .text.usart_data_register_is_empty
                0x0000a56a       0x34 src/main.o
 .text.usart_put
                0x0000a59e       0x28 src/main.o
 .text.usart_get
                0x0000a5c6       0x22 src/main.o
 .text.Crc8     0x0000a5e8       0x56 src/main.o
                0x0000a5e8                Crc8
 .text.Crc16    0x0000a63e       0x80 src/main.o
                0x0000a63e                Crc16
 .text.comp     0x0000a6be       0x3c src/main.o
                0x0000a6be                comp
 .text.ADP_Rec_MBUS
                0x0000a6fa      0x164 src/main.o
                0x0000a6fa                ADP_Rec_MBUS
 .text.EventStorageToTOP
                0x0000a85e       0x66 src/main.o
                0x0000a85e                EventStorageToTOP
 .text.SCREEN_ERROR_PRJ
                0x0000a8c4       0xa2 src/main.o
                0x0000a8c4                SCREEN_ERROR_PRJ
 .text.SCREEN_ERROR_RMD
                0x0000a966       0xa2 src/main.o
                0x0000a966                SCREEN_ERROR_RMD
 .text.SCREEN_INTRO
                0x0000aa08       0xf6 src/main.o
                0x0000aa08                SCREEN_INTRO
 .text.SCREEN_MENU
                0x0000aafe      0x168 src/main.o
                0x0000aafe                SCREEN_MENU
 .text.SCREEN_TIME
                0x0000ac66      0x804 src/main.o
                0x0000ac66                SCREEN_TIME
 .text.SCREEN_CONTRAST
                0x0000b46a      0x22e src/main.o
                0x0000b46a                SCREEN_CONTRAST
 .text.SCREEN_SETTINGS
                0x0000b698     0x11da src/main.o
                0x0000b698                SCREEN_SETTINGS
 .text.SCREEN_DIAGNOSTIC
                0x0000c872      0x108 src/main.o
                0x0000c872                SCREEN_DIAGNOSTIC
 .text.SCREEN_EVENTS_MENU
                0x0000c97a      0x168 src/main.o
                0x0000c97a                SCREEN_EVENTS_MENU
 .text.SCREEN_EVENTS_INFO
                0x0000cae2      0x2fc src/main.o
                0x0000cae2                SCREEN_EVENTS_INFO
 .text.SCREEN_EVENTS_LIST
                0x0000cdde      0x472 src/main.o
                0x0000cdde                SCREEN_EVENTS_LIST
 .text.SCREEN_EVENTS_CLEAR
                0x0000d250       0xde src/main.o
                0x0000d250                SCREEN_EVENTS_CLEAR
 .text.REG_Reset
                0x0000d32e      0x23a src/main.o
                0x0000d32e                REG_Reset
 .text.REG_Screen
                0x0000d568      0x8ea src/main.o
                0x0000d568                REG_Screen
 .text.SCREEN_EVENTS_SAVE_MENU
                0x0000de52      0x240 src/main.o
                0x0000de52                SCREEN_EVENTS_SAVE_MENU
 .text.SCREEN_EVENTS_SAVE_PROGRESS
                0x0000e092      0x18c src/main.o
                0x0000e092                SCREEN_EVENTS_SAVE_PROGRESS
 .text.SCREEN_EVENTS_SAVE_COMPLETED
                0x0000e21e       0xa2 src/main.o
                0x0000e21e                SCREEN_EVENTS_SAVE_COMPLETED
 .text.SCREEN_EVENTS_SETTINGS
                0x0000e2c0      0x3ae src/main.o
                0x0000e2c0                SCREEN_EVENTS_SETTINGS
 .text.SCREEN_TRANSP_SELECT
                0x0000e66e      0x136 src/main.o
                0x0000e66e                SCREEN_TRANSP_SELECT
 .text.SCREEN_TRANSP_CONFIRM
                0x0000e7a4      0x126 src/main.o
                0x0000e7a4                SCREEN_TRANSP_CONFIRM
 .text.SCREEN_TRANSP_PROGRESS
                0x0000e8ca       0xa2 src/main.o
                0x0000e8ca                SCREEN_TRANSP_PROGRESS
 .text.SCREEN_TRANSP_SCREEN
                0x0000e96c       0xa2 src/main.o
                0x0000e96c                SCREEN_TRANSP_SCREEN
 .text.SCREEN_INFO
                0x0000ea0e       0xf6 src/main.o
                0x0000ea0e                SCREEN_INFO
 .text.FOCUS_CntReset
                0x0000eb04       0x8c src/main.o
                0x0000eb04                FOCUS_CntReset
 .text.FOCUS_Adr
                0x0000eb90      0x172 src/main.o
                0x0000eb90                FOCUS_Adr
 .text.FOCUS_Sort
                0x0000ed02      0x122 src/main.o
                0x0000ed02                FOCUS_Sort
 .text.FOCUS_Block
                0x0000ee24      0x1fe src/main.o
                0x0000ee24                FOCUS_Block
 .text.FOCUS_Space
                0x0000f022       0x8c src/main.o
                0x0000f022                FOCUS_Space
 .text.TIME_SetManual
                0x0000f0ae      0x3a2 src/main.o
                0x0000f0ae                TIME_SetManual
 .text.TIME_Get
                0x0000f450      0x170 src/main.o
                0x0000f450                TIME_Get
 .text.APD_SendToPlc
                0x0000f5c0      0x1a6 src/main.o
                0x0000f5c0                APD_SendToPlc
 .text.APD_GoToFrame
                0x0000f766      0x174 src/main.o
                0x0000f766                APD_GoToFrame
 .text.APD_EditField
                0x0000f8da       0x86 src/main.o
                0x0000f8da                APD_EditField
 .text.APD_FrameShiftUp
                0x0000f960      0x102 src/main.o
                0x0000f960                APD_FrameShiftUp
 .text.APD_FrameShiftDown
                0x0000fa62      0x14a src/main.o
                0x0000fa62                APD_FrameShiftDown
 .text.APD_ListShiftUp
                0x0000fbac      0x174 src/main.o
                0x0000fbac                APD_ListShiftUp
 .text.APD_ListShiftDown
                0x0000fd20      0x178 src/main.o
                0x0000fd20                APD_ListShiftDown
 .text.SCREEN_ACTION
                0x0000fe98      0x156 src/main.o
                0x0000fe98                SCREEN_ACTION
 .text.EDIT_ValBlink
                0x0000ffee       0xac src/main.o
                0x0000ffee                EDIT_ValBlink
 .text.EDIT_ValAdd
                0x0001009a      0x2ea src/main.o
                0x0001009a                EDIT_ValAdd
 .text.SCREEN_NORMAL
                0x00010384     0x2782 src/main.o
                0x00010384                SCREEN_NORMAL
 .text.CLOCK_ShowOn
                0x00012b06      0x214 src/main.o
                0x00012b06                CLOCK_ShowOn
 .text.DATE_ShowOn
                0x00012d1a      0x1d6 src/main.o
                0x00012d1a                DATE_ShowOn
 .text.ADP_TransStart
                0x00012ef0       0xfc src/main.o
                0x00012ef0                ADP_TransStart
 .text.ADP_TransMesBuild
                0x00012fec      0x11c src/main.o
                0x00012fec                ADP_TransMesBuild
 .text.ADP_TransEventRequest
                0x00013108       0x6a src/main.o
                0x00013108                ADP_TransEventRequest
 .text.ADP_TransSendToPlcMesBuild
                0x00013172       0xb4 src/main.o
                0x00013172                ADP_TransSendToPlcMesBuild
 .text.ADP_Function_TransParams
                0x00013226      0x1a6 src/main.o
                0x00013226                ADP_Function_TransParams
 .text.ADP_Function_RecParams
                0x000133cc       0xc2 src/main.o
                0x000133cc                ADP_Function_RecParams
 .text.ADP_Function_ReqEvents
                0x0001348e      0x21a src/main.o
                0x0001348e                ADP_Function_ReqEvents
 .text.REG_WriteEvent
                0x000136a8      0x352 src/main.o
                0x000136a8                REG_WriteEvent
 .text.REG_Init
                0x000139fa       0xc4 src/main.o
                0x000139fa                REG_Init
 .text.DAC_Init
                0x00013abe       0xae src/main.o
                0x00013abe                DAC_Init
 .text.DAC_New  0x00013b6c       0x74 src/main.o
                0x00013b6c                DAC_New
 .text.main     0x00013be0     0x49c8 src/main.o
                0x00013be0                main
 .text.__vector_14
                0x000185a8      0x12c src/main.o
                0x000185a8                __vector_14
 .text.__vector_58
                0x000186d4       0xfa src/main.o
                0x000186d4                __vector_58
 .text.__vector_61
                0x000187ce       0xb8 src/main.o
                0x000187ce                __vector_61
 .text.__vector_63
                0x00018886       0x5c src/main.o
                0x00018886                __vector_63
 .text.__vector_119
                0x000188e2       0xb8 src/main.o
                0x000188e2                __vector_119
 .text.__vector_30
                0x0001899a      0x166 src/main.o
                0x0001899a                __vector_30
 .text.__vector_28
                0x00018b00      0x134 src/main.o
                0x00018b00                __vector_28
 .text.__vector_83
                0x00018c34       0xf8 src/main.o
                0x00018c34                __vector_83
 .text.__vector_55
                0x00018d2c       0x26 src/main.o
                0x00018d2c                __vector_55
 .text.__vector_53
                0x00018d52       0xd8 src/main.o
                0x00018d52                __vector_53
 .text.__vector_108
                0x00018e2a       0xd8 src/main.o
                0x00018e2a                __vector_108
 .text.__vector_20
                0x00018f02       0xd8 src/main.o
                0x00018f02                __vector_20
 .text.__vector_77
                0x00018fda       0x50 src/main.o
                0x00018fda                __vector_77
 .text.MBUS_TransStart
                0x0001902a      0x276 src/modbus/Mbus.o
                0x0001902a                MBUS_TransStart
 .text.MBUS_Error_Trans
                0x000192a0       0x90 src/modbus/Mbus.o
                0x000192a0                MBUS_Error_Trans
 .text.MBUS_Send_04
                0x00019330      0x158 src/modbus/Mbus.o
                0x00019330                MBUS_Send_04
 .text.MBUS_Send_06
                0x00019488       0xae src/modbus/Mbus.o
                0x00019488                MBUS_Send_06
 .text.MBUS_Send_10
                0x00019536       0x9c src/modbus/Mbus.o
                0x00019536                MBUS_Send_10
 .text.MBUS_Send_17
                0x000195d2       0x8e src/modbus/Mbus.o
                0x000195d2                MBUS_Send_17
 .text.MBUS_Send_Speed
                0x00019660       0x9e src/modbus/Mbus.o
                0x00019660                MBUS_Send_Speed
 .text.MBUS_Init_Reg
                0x000196fe      0x4a0 src/modbus/Mbus.o
                0x000196fe                MBUS_Init_Reg
 .text.E_TwiInit
                0x00019b9e       0x2a src/twi/twi.o
                0x00019b9e                E_TwiInit
 .text.E_TwiBusWaitForIdle
                0x00019bc8       0x4a src/twi/twi.o
                0x00019bc8                E_TwiBusWaitForIdle
 .text.E_TwiTransactionStart
                0x00019c12       0x20 src/twi/twi.o
                0x00019c12                E_TwiTransactionStart
 .text.E_TwiInterruptWaitForRif
                0x00019c32       0x42 src/twi/twi.o
                0x00019c32                E_TwiInterruptWaitForRif
 .text.E_TwiInterruptWaitForWif
                0x00019c74       0x4a src/twi/twi.o
                0x00019c74                E_TwiInterruptWaitForWif
 .text.E_TwiCheckAck
                0x00019cbe       0x28 src/twi/twi.o
                0x00019cbe                E_TwiCheckAck
 .text.E_TwiDataPut
                0x00019ce6       0x20 src/twi/twi.o
                0x00019ce6                E_TwiDataPut
 .text.E_TwiDataGet
                0x00019d06       0x16 src/twi/twi.o
                0x00019d06                E_TwiDataGet
 .text.E_TwiCmdStop
                0x00019d1c       0x22 src/twi/twi.o
                0x00019d1c                E_TwiCmdStop
 .text.E_TwiCmdSendAck
                0x00019d3e       0x34 src/twi/twi.o
                0x00019d3e                E_TwiCmdSendAck
 .text.E_TwiCmdSendNack
                0x00019d72       0x46 src/twi/twi.o
                0x00019d72                E_TwiCmdSendNack
 .text.E_TwiBusSetIdle
                0x00019db8       0x22 src/twi/twi.o
                0x00019db8                E_TwiBusSetIdle
 .text.E_TwiEn  0x00019dda       0x22 src/twi/twi.o
                0x00019dda                E_TwiEn
 .text.E_TwiDisable
                0x00019dfc       0x22 src/twi/twi.o
                0x00019dfc                E_TwiDisable
 .text.C_TwiInit
                0x00019e1e       0x3c src/twi/twi.o
                0x00019e1e                C_TwiInit
 .text.C_TwiBusWaitForIdle
                0x00019e5a       0x4a src/twi/twi.o
                0x00019e5a                C_TwiBusWaitForIdle
 .text.C_TwiTransactionStart
                0x00019ea4       0x32 src/twi/twi.o
                0x00019ea4                C_TwiTransactionStart
 .text.C_TwiInterruptWaitForRif
                0x00019ed6       0x42 src/twi/twi.o
                0x00019ed6                C_TwiInterruptWaitForRif
 .text.C_TwiInterruptWaitForWif
                0x00019f18       0x4a src/twi/twi.o
                0x00019f18                C_TwiInterruptWaitForWif
 .text.C_TwiCheckAck
                0x00019f62       0x28 src/twi/twi.o
                0x00019f62                C_TwiCheckAck
 .text.C_TwiDataPut
                0x00019f8a       0x20 src/twi/twi.o
                0x00019f8a                C_TwiDataPut
 .text.C_TwiDataGet
                0x00019faa       0x16 src/twi/twi.o
                0x00019faa                C_TwiDataGet
 .text.C_TwiCmdStop
                0x00019fc0       0x22 src/twi/twi.o
                0x00019fc0                C_TwiCmdStop
 .text.C_TwiCmdSendAck
                0x00019fe2       0x34 src/twi/twi.o
                0x00019fe2                C_TwiCmdSendAck
 .text.C_TwiCmdSendNack
                0x0001a016       0x46 src/twi/twi.o
                0x0001a016                C_TwiCmdSendNack
 .text.C_TwiBusSetIdle
                0x0001a05c       0x22 src/twi/twi.o
                0x0001a05c                C_TwiBusSetIdle
 .text.C_TwiEn  0x0001a07e       0x22 src/twi/twi.o
                0x0001a07e                C_TwiEn
 .text.C_TwiDisable
                0x0001a0a0       0x22 src/twi/twi.o
                0x0001a0a0                C_TwiDisable
 .text.avr-libc.fplib
                0x0001a0c2        0x8 f:/program files (x86)/atmel/studio/7.0/toolchain/avr8/avr8-gnu-toolchain/bin/../lib/gcc/avr/5.4.0/../../../../avr/lib/avrxmega6\libm.a(cmpsf2.o)
                0x0001a0c2                __nesf2
                0x0001a0c2                __eqsf2
                0x0001a0c2                __cmpsf2
                0x0001a0c2                __ltsf2
                0x0001a0c2                __lesf2
 .text.avr-libc.fplib
                0x0001a0ca        0x4 f:/program files (x86)/atmel/studio/7.0/toolchain/avr8/avr8-gnu-toolchain/bin/../lib/gcc/avr/5.4.0/../../../../avr/lib/avrxmega6\libm.a(divsf3.o)
                0x0001a0ca                __divsf3
 .text.avr-libc.fplib
                0x0001a0ce       0xcc f:/program files (x86)/atmel/studio/7.0/toolchain/avr8/avr8-gnu-toolchain/bin/../lib/gcc/avr/5.4.0/../../../../avr/lib/avrxmega6\libm.a(divsf3x.o)
                0x0001a0e4                __divsf3x
                0x0001a0e8                __divsf3_pse
 .text.avr-libc.fplib
                0x0001a19a       0x74 f:/program files (x86)/atmel/studio/7.0/toolchain/avr8/avr8-gnu-toolchain/bin/../lib/gcc/avr/5.4.0/../../../../avr/lib/avrxmega6\libm.a(fixsfdi.o)
                0x0001a19a                __fixsfdi
                0x0001a1a4                __fixunssfdi
 .text.avr-libc.fplib
                0x0001a20e       0x58 f:/program files (x86)/atmel/studio/7.0/toolchain/avr8/avr8-gnu-toolchain/bin/../lib/gcc/avr/5.4.0/../../../../avr/lib/avrxmega6\libm.a(fixunssfsi.o)
                0x0001a20e                __fixunssfsi
 .text.avr-libc.fplib
                0x0001a266        0x8 f:/program files (x86)/atmel/studio/7.0/toolchain/avr8/avr8-gnu-toolchain/bin/../lib/gcc/avr/5.4.0/../../../../avr/lib/avrxmega6\libm.a(floatdisf.o)
                0x0001a266                __floatdisf
 .text.avr-libc.fplib
                0x0001a26e       0x7c f:/program files (x86)/atmel/studio/7.0/toolchain/avr8/avr8-gnu-toolchain/bin/../lib/gcc/avr/5.4.0/../../../../avr/lib/avrxmega6\libm.a(floatundisf.o)
                0x0001a26e                __floatundisf
                0x0001a270                __fp_di2sf
 .text.avr-libc.fplib
                0x0001a2ea       0x48 f:/program files (x86)/atmel/studio/7.0/toolchain/avr8/avr8-gnu-toolchain/bin/../lib/gcc/avr/5.4.0/../../../../avr/lib/avrxmega6\libm.a(fp_cmp.o)
                0x0001a2ea                __fp_cmp
 .text.avr-libc.fplib
                0x0001a332        0xc f:/program files (x86)/atmel/studio/7.0/toolchain/avr8/avr8-gnu-toolchain/bin/../lib/gcc/avr/5.4.0/../../../../avr/lib/avrxmega6\libm.a(fp_inf.o)
                0x0001a332                __fp_inf
 .text.avr-libc.fplib
                0x0001a33e        0x6 f:/program files (x86)/atmel/studio/7.0/toolchain/avr8/avr8-gnu-toolchain/bin/../lib/gcc/avr/5.4.0/../../../../avr/lib/avrxmega6\libm.a(fp_nan.o)
                0x0001a33e                __fp_nan
 .text.avr-libc.fplib
                0x0001a344       0x20 f:/program files (x86)/atmel/studio/7.0/toolchain/avr8/avr8-gnu-toolchain/bin/../lib/gcc/avr/5.4.0/../../../../avr/lib/avrxmega6\libm.a(fp_negdi.o)
                0x0001a344                __fp_negdi
 .text.avr-libc.fplib
                0x0001a364        0xe f:/program files (x86)/atmel/studio/7.0/toolchain/avr8/avr8-gnu-toolchain/bin/../lib/gcc/avr/5.4.0/../../../../avr/lib/avrxmega6\libm.a(fp_pscA.o)
                0x0001a364                __fp_pscA
 .text.avr-libc.fplib
                0x0001a372        0xe f:/program files (x86)/atmel/studio/7.0/toolchain/avr8/avr8-gnu-toolchain/bin/../lib/gcc/avr/5.4.0/../../../../avr/lib/avrxmega6\libm.a(fp_pscB.o)
                0x0001a372                __fp_pscB
 .text.avr-libc.fplib
                0x0001a380       0x22 f:/program files (x86)/atmel/studio/7.0/toolchain/avr8/avr8-gnu-toolchain/bin/../lib/gcc/avr/5.4.0/../../../../avr/lib/avrxmega6\libm.a(fp_round.o)
                0x0001a380                __fp_round
 .text.avr-libc.fplib
                0x0001a3a2       0x44 f:/program files (x86)/atmel/studio/7.0/toolchain/avr8/avr8-gnu-toolchain/bin/../lib/gcc/avr/5.4.0/../../../../avr/lib/avrxmega6\libm.a(fp_split3.o)
                0x0001a3a2                __fp_split3
                0x0001a3b2                __fp_splitA
 .text.avr-libc.fplib
                0x0001a3e6        0xe f:/program files (x86)/atmel/studio/7.0/toolchain/avr8/avr8-gnu-toolchain/bin/../lib/gcc/avr/5.4.0/../../../../avr/lib/avrxmega6\libm.a(fp_zero.o)
                0x0001a3e6                __fp_zero
                0x0001a3e8                __fp_szero
 .text.avr-libc.fplib
                0x0001a3f4        0x8 f:/program files (x86)/atmel/studio/7.0/toolchain/avr8/avr8-gnu-toolchain/bin/../lib/gcc/avr/5.4.0/../../../../avr/lib/avrxmega6\libm.a(gesf2.o)
                0x0001a3f4                __gesf2
                0x0001a3f4                __gtsf2
 .text.avr-libc.fplib
                0x0001a3fc        0x4 f:/program files (x86)/atmel/studio/7.0/toolchain/avr8/avr8-gnu-toolchain/bin/../lib/gcc/avr/5.4.0/../../../../avr/lib/avrxmega6\libm.a(mulsf3.o)
                0x0001a3fc                __mulsf3
 .text.avr-libc.fplib
                0x0001a400       0xc2 f:/program files (x86)/atmel/studio/7.0/toolchain/avr8/avr8-gnu-toolchain/bin/../lib/gcc/avr/5.4.0/../../../../avr/lib/avrxmega6\libm.a(mulsf3x.o)
                0x0001a414                __mulsf3x
                0x0001a418                __mulsf3_pse
 .text.avr-libc.fplib
                0x0001a4c2       0x40 f:/program files (x86)/atmel/studio/7.0/toolchain/avr8/avr8-gnu-toolchain/bin/../lib/gcc/avr/5.4.0/../../../../avr/lib/avrxmega6\libm.a(round.o)
                0x0001a4c2                round
 .text.avr-libc.fplib
                0x0001a502       0x36 f:/program files (x86)/atmel/studio/7.0/toolchain/avr8/avr8-gnu-toolchain/bin/../lib/gcc/avr/5.4.0/../../../../avr/lib/avrxmega6\libm.a(fp_mintl.o)
                0x0001a502                __fp_mintl
 .text.avr-libc.fplib
                0x0001a538       0x1c f:/program files (x86)/atmel/studio/7.0/toolchain/avr8/avr8-gnu-toolchain/bin/../lib/gcc/avr/5.4.0/../../../../avr/lib/avrxmega6\libm.a(fp_mpack.o)
                0x0001a538                __fp_mpack
                0x0001a53c                __fp_mpack_finite
 .text.libgcc.mul
                0x0001a554       0x1e f:/program files (x86)/atmel/studio/7.0/toolchain/avr8/avr8-gnu-toolchain/bin/../lib/gcc/avr/5.4.0/avrxmega6\libgcc.a(_mulsi3.o)
                0x0001a554                __mulsi3
 .text.libgcc.div
                0x0001a572       0x28 f:/program files (x86)/atmel/studio/7.0/toolchain/avr8/avr8-gnu-toolchain/bin/../lib/gcc/avr/5.4.0/avrxmega6\libgcc.a(_udivmodhi4.o)
                0x0001a572                __udivmodhi4
 .text.libgcc.div
                0x0001a59a       0x26 f:/program files (x86)/atmel/studio/7.0/toolchain/avr8/avr8-gnu-toolchain/bin/../lib/gcc/avr/5.4.0/avrxmega6\libgcc.a(_divmodhi4.o)
                0x0001a59a                _div
                0x0001a59a                __divmodhi4
 .text.libgcc.div
                0x0001a5c0       0x44 f:/program files (x86)/atmel/studio/7.0/toolchain/avr8/avr8-gnu-toolchain/bin/../lib/gcc/avr/5.4.0/avrxmega6\libgcc.a(_udivmodsi4.o)
                0x0001a5c0                __udivmodsi4
 .text.libgcc.div
                0x0001a604       0x28 f:/program files (x86)/atmel/studio/7.0/toolchain/avr8/avr8-gnu-toolchain/bin/../lib/gcc/avr/5.4.0/avrxmega6\libgcc.a(_divmodsi4.o)
                0x0001a604                __divmodsi4
 .text.libgcc.div
                0x0001a62c       0x10 f:/program files (x86)/atmel/studio/7.0/toolchain/avr8/avr8-gnu-toolchain/bin/../lib/gcc/avr/5.4.0/avrxmega6\libgcc.a(_negsi2.o)
                0x0001a62c                __negsi2
 .text.libgcc   0x0001a63c       0x10 f:/program files (x86)/atmel/studio/7.0/toolchain/avr8/avr8-gnu-toolchain/bin/../lib/gcc/avr/5.4.0/avrxmega6\libgcc.a(_tablejump2.o)
                0x0001a63c                __tablejump2__
 .text.libgcc.mul
                0x0001a64c       0x1e f:/program files (x86)/atmel/studio/7.0/toolchain/avr8/avr8-gnu-toolchain/bin/../lib/gcc/avr/5.4.0/avrxmega6\libgcc.a(_umulhisi3.o)
                0x0001a64c                __umulhisi3
 .text.libgcc.mul
                0x0001a66a       0x14 f:/program files (x86)/atmel/studio/7.0/toolchain/avr8/avr8-gnu-toolchain/bin/../lib/gcc/avr/5.4.0/avrxmega6\libgcc.a(_muluhisi3.o)
                0x0001a66a                __muluhisi3
 .text.libgcc.div
                0x0001a67e       0x56 f:/program files (x86)/atmel/studio/7.0/toolchain/avr8/avr8-gnu-toolchain/bin/../lib/gcc/avr/5.4.0/avrxmega6\libgcc.a(_divdi3.o)
                0x0001a67e                __moddi3
                0x0001a682                __divdi3
                0x0001a684                __divdi3_moddi3
 .text.libgcc.div
                0x0001a6d4       0x1a f:/program files (x86)/atmel/studio/7.0/toolchain/avr8/avr8-gnu-toolchain/bin/../lib/gcc/avr/5.4.0/avrxmega6\libgcc.a(_udivdi3.o)
                0x0001a6d4                __umoddi3
                0x0001a6d8                __udivdi3
                0x0001a6da                __udivdi3_umoddi3
 .text.libgcc.div
                0x0001a6ee       0xa2 f:/program files (x86)/atmel/studio/7.0/toolchain/avr8/avr8-gnu-toolchain/bin/../lib/gcc/avr/5.4.0/avrxmega6\libgcc.a(_udivmod64.o)
                0x0001a6ee                __udivmod64
 .text.libgcc   0x0001a790       0x20 f:/program files (x86)/atmel/studio/7.0/toolchain/avr8/avr8-gnu-toolchain/bin/../lib/gcc/avr/5.4.0/avrxmega6\libgcc.a(_negdi2.o)
                0x0001a790                __negdi2
 .text.libgcc.prologue
                0x0001a7b0       0x32 f:/program files (x86)/atmel/studio/7.0/toolchain/avr8/avr8-gnu-toolchain/bin/../lib/gcc/avr/5.4.0/avrxmega6\libgcc.a(_prologue.o)
                0x0001a7b0                __prologue_saves__
 .text.libgcc.prologue
                0x0001a7e2       0x30 f:/program files (x86)/atmel/studio/7.0/toolchain/avr8/avr8-gnu-toolchain/bin/../lib/gcc/avr/5.4.0/avrxmega6\libgcc.a(_epilogue.o)
                0x0001a7e2                __epilogue_restores__
 .text.libgcc.builtins
                0x0001a812       0x32 f:/program files (x86)/atmel/studio/7.0/toolchain/avr8/avr8-gnu-toolchain/bin/../lib/gcc/avr/5.4.0/avrxmega6\libgcc.a(_ashldi3.o)
                0x0001a812                __ashldi3
 .text.libgcc.builtins
                0x0001a844       0x3c f:/program files (x86)/atmel/studio/7.0/toolchain/avr8/avr8-gnu-toolchain/bin/../lib/gcc/avr/5.4.0/avrxmega6\libgcc.a(_ashrdi3.o)
                0x0001a844                __ashrdi3
                0x0001a848                __lshrdi3
 .text.libgcc   0x0001a880       0x12 f:/program files (x86)/atmel/studio/7.0/toolchain/avr8/avr8-gnu-toolchain/bin/../lib/gcc/avr/5.4.0/avrxmega6\libgcc.a(_adddi3.o)
                0x0001a880                __adddi3
 .text.libgcc   0x0001a892       0x18 f:/program files (x86)/atmel/studio/7.0/toolchain/avr8/avr8-gnu-toolchain/bin/../lib/gcc/avr/5.4.0/avrxmega6\libgcc.a(_cmpdi2_s8.o)
                0x0001a892                __cmpdi2_s8
 .text.avr-libc
                0x0001a8aa      0x3fe f:/program files (x86)/atmel/studio/7.0/toolchain/avr8/avr8-gnu-toolchain/bin/../lib/gcc/avr/5.4.0/../../../../avr/lib/avrxmega6\libc.a(qsort.o)
                0x0001a938                qsort
 .text.avr-libc
                0x0001aca8       0x20 F:/Program Files (x86)/Atmel/Studio/7.0/Packs/atmel/XMEGAA_DFP/1.3.146/gcc/dev/atxmega256a3/avrxmega6\libatxmega256a3.a(eerd_byte.o)
                0x0001aca8                eeprom_read_byte
                0x0001acb0                eeprom_mapen
 .text.avr-libc
                0x0001acc8       0x46 F:/Program Files (x86)/Atmel/Studio/7.0/Packs/atmel/XMEGAA_DFP/1.3.146/gcc/dev/atxmega256a3/avrxmega6\libatxmega256a3.a(eewr_byte.o)
                0x0001acc8                eeprom_write_byte
                0x0001acca                eeprom_write_r18
                0x0001ad0e                . = ALIGN (0x2)
 *(.fini9)
 .fini9         0x0001ad0e        0x0 f:/program files (x86)/atmel/studio/7.0/toolchain/avr8/avr8-gnu-toolchain/bin/../lib/gcc/avr/5.4.0/avrxmega6\libgcc.a(_exit.o)
                0x0001ad0e                _exit
                0x0001ad0e                exit
 *(.fini9)
 *(.fini8)
 *(.fini8)
 *(.fini7)
 *(.fini7)
 *(.fini6)
 *(.fini6)
 *(.fini5)
 *(.fini5)
 *(.fini4)
 *(.fini4)
 *(.fini3)
 *(.fini3)
 *(.fini2)
 *(.fini2)
 *(.fini1)
 *(.fini1)
 *(.fini0)
 .fini0         0x0001ad0e        0x4 f:/program files (x86)/atmel/studio/7.0/toolchain/avr8/avr8-gnu-toolchain/bin/../lib/gcc/avr/5.4.0/avrxmega6\libgcc.a(_exit.o)
 *(.fini0)
                0x0001ad12                _etext = .

.data           0x00802000      0x782 load address 0x0001ad12
                0x00802000                PROVIDE (__data_start, .)
 *(.data)
 *(.data*)
 .data.Time_ans
                0x00802000        0x2 src/main.o
                0x00802000                Time_ans
 .data.TIMER_DataRequestPer
                0x00802002        0x2 src/main.o
                0x00802002                TIMER_DataRequestPer
 .data.TIMER_ClockRefreshPer
                0x00802004        0x2 src/main.o
                0x00802004                TIMER_ClockRefreshPer
 .data.TIMER_RMDCfgPer
                0x00802006        0x2 src/main.o
                0x00802006                TIMER_RMDCfgPer
 .data.TIMER_RMDCfgEn
                0x00802008        0x1 src/main.o
                0x00802008                TIMER_RMDCfgEn
 .data.TIMER_RMDCfgPerMBUS
                0x00802009        0x2 src/main.o
                0x00802009                TIMER_RMDCfgPerMBUS
 .data.TIMER_RequestTimeoutPer
                0x0080200b        0x2 src/main.o
                0x0080200b                TIMER_RequestTimeoutPer
 .data.TIMER_RegSavePer
                0x0080200d        0x2 src/main.o
                0x0080200d                TIMER_RegSavePer
 .data.TIMER_EditValBlinkPer
                0x0080200f        0x2 src/main.o
                0x0080200f                TIMER_EditValBlinkPer
 .data.TIMER_FIRSTSCCfgPer
                0x00802011        0x2 src/main.o
                0x00802011                TIMER_FIRSTSCCfgPer
 .data.StrSpaces
                0x00802013       0x14 src/main.o
                0x00802013                StrSpaces
 .data.StrBlackSq
                0x00802027       0x14 src/main.o
                0x00802027                StrBlackSq
 .data.CLOCK_ShowCol
                0x0080203b        0x1 src/main.o
                0x0080203b                CLOCK_ShowCol
 .data.APD_BaudRateIndex
                0x0080203c        0x2 src/main.o
                0x0080203c                APD_BaudRateIndex
 .data.EventStorage_TOP
                0x0080203e        0x1 src/main.o
                0x0080203e                EventStorage_TOP
 .data.EventStorage_BOT
                0x0080203f        0x1 src/main.o
                0x0080203f                EventStorage_BOT
 .data.REG_SET_ShowOnce
                0x00802040        0x1 src/main.o
                0x00802040                REG_SET_ShowOnce
 .data.APD_FrameButtonAction
                0x00802041        0x2 src/main.o
                0x00802041                APD_FrameButtonAction
 .data.SplashRefreshEn
                0x00802043        0x1 src/main.o
                0x00802043                SplashRefreshEn
 .data.APD_PrjFontTable
                0x00802044      0x100 src/main.o
                0x00802044                APD_PrjFontTable
 .data.RusFont  0x00802144       0x20 src/main.o
                0x00802144                RusFont
 .data.RMD_Cfg  0x00802164       0x96 src/main.o
                0x00802164                RMD_Cfg
 .data.RMD_CfgMBUS
                0x008021fa       0x96 src/main.o
                0x008021fa                RMD_CfgMBUS
 .data.RMD_RecMesBufLen
                0x00802290        0x1 src/main.o
                0x00802290                RMD_RecMesBufLen
 .data.RMD_CfgAckMes
                0x00802291        0x7 src/main.o
                0x00802291                RMD_CfgAckMes
 .data.RMD_CfgAckMesReady
                0x00802298        0x1 src/main.o
                0x00802298                RMD_CfgAckMesReady
 .data.RMD_CfgCmdAmount
                0x00802299        0x1 src/main.o
                0x00802299                RMD_CfgCmdAmount
 .data.RMD_CfgAckMesMBUS
                0x0080229a        0x7 src/main.o
                0x0080229a                RMD_CfgAckMesMBUS
 .data.RMD_CfgAckMesLenMBUS
                0x008022a1        0x1 src/main.o
                0x008022a1                RMD_CfgAckMesLenMBUS
 .data.RMD_CfgAckMesReadyMBUS
                0x008022a2        0x1 src/main.o
                0x008022a2                RMD_CfgAckMesReadyMBUS
 .data.RMD_CfgCmdAmountMBUS
                0x008022a3        0x1 src/main.o
                0x008022a3                RMD_CfgCmdAmountMBUS
 .data.RMD_Config_FIRST
                0x008022a4        0x1 src/main.o
                0x008022a4                RMD_Config_FIRST
 .data.RMD_Config_FIRSTMBUS
                0x008022a5        0x1 src/main.o
                0x008022a5                RMD_Config_FIRSTMBUS
 .data.NewBaudRate
                0x008022a6        0x1 src/main.o
                0x008022a6                NewBaudRate
 .data.NewBaudRateMBUS
                0x008022a7        0x1 src/main.o
                0x008022a7                NewBaudRateMBUS
 .data.LCD_Refresh
                0x008022a8        0x1 src/main.o
                0x008022a8                LCD_Refresh
 .data.SERVICE_ToggleCntLim
                0x008022a9        0x1 src/main.o
                0x008022a9                SERVICE_ToggleCntLim
 .data.TRANSP_ToggleCntLim
                0x008022aa        0x1 src/main.o
                0x008022aa                TRANSP_ToggleCntLim
 .data.Action   0x008022ab        0x1 src/main.o
                0x008022ab                Action
 .data.TIMESET_ShowOnce
                0x008022ac        0x1 src/main.o
                0x008022ac                TIMESET_ShowOnce
 .data.CONTRAST_ShowOnce
                0x008022ad        0x1 src/main.o
                0x008022ad                CONTRAST_ShowOnce
 .data.LCD_Contrast
                0x008022ae        0x1 src/main.o
                0x008022ae                LCD_Contrast
 .data.SoftVer  0x008022af        0x1 src/main.o
                0x008022af                SoftVer
 .data.MenuMax  0x008022b0        0x1 src/main.o
                0x008022b0                MenuMax
 .data.MenuAction
                0x008022b1        0x6 src/main.o
                0x008022b1                MenuAction
 .data.RegMenuMax
                0x008022b7        0x1 src/main.o
                0x008022b7                RegMenuMax
 .data.SETTINGS_ShowOnce
                0x008022b8        0x1 src/main.o
                0x008022b8                SETTINGS_ShowOnce
 .data.SETTINGS_BaudValue
                0x008022b9        0x8 src/main.o
                0x008022b9                SETTINGS_BaudValue
 .data.SETTINGS_CyckleValue
                0x008022c1       0x14 src/main.o
                0x008022c1                SETTINGS_CyckleValue
 .data.SettingsMax
                0x008022d5        0x1 src/main.o
                0x008022d5                SettingsMax
 .data.SETTINGS_SetMarker
                0x008022d6        0x1 src/main.o
                0x008022d6                SETTINGS_SetMarker
 .data.APD_FrameButtonActionTable
                0x008022d7       0xa9 src/main.o
                0x008022d7                APD_FrameButtonActionTable
 .data.EDIT_StrSpaces
                0x00802380       0x14 src/main.o
                0x00802380                EDIT_StrSpaces
 *(.gnu.linkonce.d*)
 *(.rodata)
 .rodata        0x00802394       0x49 src/main.o
 *(.rodata*)
 .rodata.StrNum
                0x008023dd        0x4 src/lcd/lcd.o
                0x008023dd                StrNum
 .rodata.Crc8Table
                0x008023e1      0x100 src/main.o
                0x008023e1                Crc8Table
 .rodata.Crc16Table
                0x008024e1      0x200 src/main.o
                0x008024e1                Crc16Table
 .rodata.Redef_Reg
                0x008026e1       0x64 src/main.o
                0x008026e1                Redef_Reg
 .rodata.SCREEN_ALL
                0x00802745       0x2e src/main.o
                0x00802745                SCREEN_ALL
 .rodata.APD_FrameActionFunction
                0x00802773        0xe src/main.o
                0x00802773                APD_FrameActionFunction
 *(.gnu.linkonce.r*)
                0x00802782                . = ALIGN (0x2)
 *fill*         0x00802781        0x1 
                0x00802782                _edata = .
                0x00802782                PROVIDE (__data_end, .)

.bss            0x00802782     0x32ae
                0x00802782                PROVIDE (__bss_start, .)
 *(.bss)
 *(.bss*)
 .bss.tc_tcc0_err_callback
                0x00802782        0x2 src/asf/xmega/drivers/tc/tc.o
 .bss.tc_tcc0_cca_callback
                0x00802784        0x2 src/asf/xmega/drivers/tc/tc.o
 .bss.tc_tcc0_ccb_callback
                0x00802786        0x2 src/asf/xmega/drivers/tc/tc.o
 .bss.tc_tcc0_ccc_callback
                0x00802788        0x2 src/asf/xmega/drivers/tc/tc.o
 .bss.tc_tcc0_ccd_callback
                0x0080278a        0x2 src/asf/xmega/drivers/tc/tc.o
 .bss.tc_tcc1_err_callback
                0x0080278c        0x2 src/asf/xmega/drivers/tc/tc.o
 .bss.tc_tcc1_cca_callback
                0x0080278e        0x2 src/asf/xmega/drivers/tc/tc.o
 .bss.tc_tcc1_ccb_callback
                0x00802790        0x2 src/asf/xmega/drivers/tc/tc.o
 .bss.tc_tcd0_err_callback
                0x00802792        0x2 src/asf/xmega/drivers/tc/tc.o
 .bss.tc_tcd0_cca_callback
                0x00802794        0x2 src/asf/xmega/drivers/tc/tc.o
 .bss.tc_tcd0_ccb_callback
                0x00802796        0x2 src/asf/xmega/drivers/tc/tc.o
 .bss.tc_tcd0_ccc_callback
                0x00802798        0x2 src/asf/xmega/drivers/tc/tc.o
 .bss.tc_tcd0_ccd_callback
                0x0080279a        0x2 src/asf/xmega/drivers/tc/tc.o
 .bss.tc_tcd1_err_callback
                0x0080279c        0x2 src/asf/xmega/drivers/tc/tc.o
 .bss.tc_tcd1_cca_callback
                0x0080279e        0x2 src/asf/xmega/drivers/tc/tc.o
 .bss.tc_tcd1_ccb_callback
                0x008027a0        0x2 src/asf/xmega/drivers/tc/tc.o
 .bss.tc_tce0_err_callback
                0x008027a2        0x2 src/asf/xmega/drivers/tc/tc.o
 .bss.tc_tce0_cca_callback
                0x008027a4        0x2 src/asf/xmega/drivers/tc/tc.o
 .bss.tc_tce0_ccb_callback
                0x008027a6        0x2 src/asf/xmega/drivers/tc/tc.o
 .bss.tc_tce0_ccc_callback
                0x008027a8        0x2 src/asf/xmega/drivers/tc/tc.o
 .bss.tc_tce0_ccd_callback
                0x008027aa        0x2 src/asf/xmega/drivers/tc/tc.o
 .bss.tc_tce1_err_callback
                0x008027ac        0x2 src/asf/xmega/drivers/tc/tc.o
 .bss.tc_tce1_ccb_callback
                0x008027ae        0x2 src/asf/xmega/drivers/tc/tc.o
 .bss.tc_tcf0_err_callback
                0x008027b0        0x2 src/asf/xmega/drivers/tc/tc.o
 .bss.tc_tcf0_cca_callback
                0x008027b2        0x2 src/asf/xmega/drivers/tc/tc.o
 .bss.tc_tcf0_ccb_callback
                0x008027b4        0x2 src/asf/xmega/drivers/tc/tc.o
 .bss.tc_tcf0_ccc_callback
                0x008027b6        0x2 src/asf/xmega/drivers/tc/tc.o
 .bss.tc_tcf0_ccd_callback
                0x008027b8        0x2 src/asf/xmega/drivers/tc/tc.o
 .bss.EEPROM_AttemptCnt
                0x008027ba        0x1 src/main.o
                0x008027ba                EEPROM_AttemptCnt
 .bss.ADP_MBUS_Counter
                0x008027bb        0x4 src/main.o
 .bss.ADP_timeout
                0x008027bf        0x1 src/main.o
                0x008027bf                ADP_timeout
 .bss.NumOfFreqCon
                0x008027c0        0x1 src/main.o
                0x008027c0                NumOfFreqCon
 .bss.Q_Test_inc
                0x008027c1        0x1 src/main.o
                0x008027c1                Q_Test_inc
 .bss.TIMER_DataRequest
                0x008027c2        0x2 src/main.o
                0x008027c2                TIMER_DataRequest
 .bss.TIMER_DataRequestEn
                0x008027c4        0x1 src/main.o
                0x008027c4                TIMER_DataRequestEn
 .bss.TIMER_ClockRefresh
                0x008027c5        0x2 src/main.o
                0x008027c5                TIMER_ClockRefresh
 .bss.TIMER_ClockRefreshEn
                0x008027c7        0x1 src/main.o
                0x008027c7                TIMER_ClockRefreshEn
 .bss.TIMER_RMDCfg
                0x008027c8        0x2 src/main.o
                0x008027c8                TIMER_RMDCfg
 .bss.TIMER_RMDCfgMBUS
                0x008027ca        0x2 src/main.o
                0x008027ca                TIMER_RMDCfgMBUS
 .bss.TIMER_RMDCfgEn_MBUS
                0x008027cc        0x1 src/main.o
                0x008027cc                TIMER_RMDCfgEn_MBUS
 .bss.TIMER_RequestTimeout
                0x008027cd        0x2 src/main.o
                0x008027cd                TIMER_RequestTimeout
 .bss.TIMER_RequestTimeoutEn
                0x008027cf        0x1 src/main.o
                0x008027cf                TIMER_RequestTimeoutEn
 .bss.TIMER_RegSave
                0x008027d0        0x2 src/main.o
                0x008027d0                TIMER_RegSave
 .bss.TIMER_RegSaveEn
                0x008027d2        0x1 src/main.o
                0x008027d2                TIMER_RegSaveEn
 .bss.TIMER_EditValBlink
                0x008027d3        0x2 src/main.o
                0x008027d3                TIMER_EditValBlink
 .bss.TIMER_EditValBlinkEn
                0x008027d5        0x1 src/main.o
                0x008027d5                TIMER_EditValBlinkEn
 .bss.TIMER_FIRSTSCfg
                0x008027d6        0x2 src/main.o
                0x008027d6                TIMER_FIRSTSCfg
 .bss.TIMER_FIRSTCfgEn
                0x008027d8        0x1 src/main.o
                0x008027d8                TIMER_FIRSTCfgEn
 .bss.REGSAVE_MesByteCnt
                0x008027d9        0x1 src/main.o
                0x008027d9                REGSAVE_MesByteCnt
 .bss.REGSAVE_MesCnt
                0x008027da        0x2 src/main.o
                0x008027da                REGSAVE_MesCnt
 .bss.REGSAVE_MesLim
                0x008027dc        0x2 src/main.o
                0x008027dc                REGSAVE_MesLim
 .bss.REGSAVE_Buff
                0x008027de        0x8 src/main.o
                0x008027de                REGSAVE_Buff
 .bss.SHOWONCE_RegSaveProgress
                0x008027e6        0x1 src/main.o
                0x008027e6                SHOWONCE_RegSaveProgress
 .bss.Id8       0x008027e7        0x1 src/main.o
                0x008027e7                Id8
 .bss.IdFrame   0x008027e8        0x1 src/main.o
                0x008027e8                IdFrame
 .bss.IdField   0x008027e9        0x1 src/main.o
                0x008027e9                IdField
 .bss.IdAction  0x008027ea        0x1 src/main.o
                0x008027ea                IdAction
 .bss.CLOCK_ShowStr
                0x008027eb        0x2 src/main.o
                0x008027eb                CLOCK_ShowStr
 .bss.DATE_ShowStr
                0x008027ed        0x2 src/main.o
                0x008027ed                DATE_ShowStr
 .bss.DATE_ShowCol
                0x008027ef        0x1 src/main.o
                0x008027ef                DATE_ShowCol
 .bss.APD_FrameRefreshRate
                0x008027f0        0x2 src/main.o
                0x008027f0                APD_FrameRefreshRate
 .bss.APD_EventReqRatio
                0x008027f2        0x2 src/main.o
                0x008027f2                APD_EventReqRatio
 .bss.APD_FrameAmount
                0x008027f4        0x1 src/main.o
                0x008027f4                APD_FrameAmount
 .bss.APD_FrameStartNum
                0x008027f5        0x1 src/main.o
                0x008027f5                APD_FrameStartNum
 .bss.APD_FrameCur
                0x008027f6        0x2 src/main.o
                0x008027f6                APD_FrameCur
 .bss.APD_FrameDisplayShift
                0x008027f8        0x2 src/main.o
                0x008027f8                APD_FrameDisplayShift
 .bss.APD_FramesStartAdr
                0x008027fa        0x2 src/main.o
                0x008027fa                APD_FramesStartAdr
 .bss.APD_EventsStartAdr
                0x008027fc        0x2 src/main.o
                0x008027fc                APD_EventsStartAdr
 .bss.APD_EventAdr
                0x008027fe        0x2 src/main.o
                0x008027fe                APD_EventAdr
 .bss.APD_EventIdAmount
                0x00802800        0x2 src/main.o
                0x00802800                APD_EventIdAmount
 .bss.APD_EventAdrArray
                0x00802802        0x4 src/main.o
                0x00802802                APD_EventAdrArray
 .bss.APD_EventAdrNum
                0x00802806        0x1 src/main.o
                0x00802806                APD_EventAdrNum
 .bss.AdrTemp   0x00802807        0x2 src/main.o
                0x00802807                AdrTemp
 .bss.REG_SET_TOP
                0x00802809        0x1 src/main.o
                0x00802809                REG_SET_TOP
 .bss.REG_SET_BOT
                0x0080280a        0x1 src/main.o
                0x0080280a                REG_SET_BOT
 .bss.REG_SET_SetMarker
                0x0080280b        0x1 src/main.o
                0x0080280b                REG_SET_SetMarker
 .bss.FOCUS_DataAmount
                0x0080280c        0x1 src/main.o
                0x0080280c                FOCUS_DataAmount
 .bss.FOCUS_DataMesNew
                0x0080280d        0x1 src/main.o
                0x0080280d                FOCUS_DataMesNew
 .bss.BLOCK_Amount
                0x0080280e        0x1 src/main.o
                0x0080280e                BLOCK_Amount
 .bss.RMD_RecMesBuf
                0x0080280f        0x4 src/main.o
                0x0080280f                RMD_RecMesBuf
 .bss.RMD_RecEn
                0x00802813        0x1 src/main.o
                0x00802813                RMD_RecEn
 .bss.RMD_RecMesReady
                0x00802814        0x1 src/main.o
                0x00802814                RMD_RecMesReady
 .bss.RMD_RecMesCrcOk
                0x00802815        0x1 src/main.o
                0x00802815                RMD_RecMesCrcOk
 .bss.RMD_CfgCmdCnt
                0x00802816        0x1 src/main.o
                0x00802816                RMD_CfgCmdCnt
 .bss.RMD_CfgCmdCharCnt
                0x00802817        0x1 src/main.o
                0x00802817                RMD_CfgCmdCharCnt
 .bss.RMD_CfgCmdAck
                0x00802818        0x1 src/main.o
                0x00802818                RMD_CfgCmdAck
 .bss.RMD_CfgAckMesCharCntMBUS
                0x00802819        0x1 src/main.o
                0x00802819                RMD_CfgAckMesCharCntMBUS
 .bss.RMD_CfgCmdCntMBUS
                0x0080281a        0x1 src/main.o
                0x0080281a                RMD_CfgCmdCntMBUS
 .bss.RMD_CfgCmdCharCntMBUS
                0x0080281b        0x1 src/main.o
                0x0080281b                RMD_CfgCmdCharCntMBUS
 .bss.RMD_CfgCmdAckMBUS
                0x0080281c        0x1 src/main.o
                0x0080281c                RMD_CfgCmdAckMBUS
 .bss.RMD_Config_STATE
                0x0080281d        0x1 src/main.o
                0x0080281d                RMD_Config_STATE
 .bss.RMD_Config_STATEMBUS
                0x0080281e        0x1 src/main.o
                0x0080281e                RMD_Config_STATEMBUS
 .bss.RMD_Config_ERROR
                0x0080281f        0x1 src/main.o
                0x0080281f                RMD_Config_ERROR
 .bss.RMD_Config_ERRORMBUS
                0x00802820        0x1 src/main.o
                0x00802820                RMD_Config_ERRORMBUS
 .bss.DATA_ReqEn
                0x00802821        0x1 src/main.o
                0x00802821                DATA_ReqEn
 .bss.EVENT_ReqEn
                0x00802822        0x1 src/main.o
                0x00802822                EVENT_ReqEn
 .bss.ADP_TransMesLen
                0x00802823        0x2 src/main.o
                0x00802823                ADP_TransMesLen
 .bss.ADP_TransMesQueue
                0x00802825        0x1 src/main.o
                0x00802825                ADP_TransMesQueue
 .bss.ADP_RecMesReady
                0x00802826        0x1 src/main.o
                0x00802826                ADP_RecMesReady
 .bss.ADP_RecMesCrcOk
                0x00802827        0x1 src/main.o
                0x00802827                ADP_RecMesCrcOk
 .bss.ADP_RecMesCharBuf
                0x00802828        0x1 src/main.o
                0x00802828                ADP_RecMesCharBuf
 .bss.ADP_RecMesLen
                0x00802829        0x2 src/main.o
                0x00802829                ADP_RecMesLen
 .bss.RMD_Error
                0x0080282b        0x1 src/main.o
                0x0080282b                RMD_Error
 .bss.PRJ_Error
                0x0080282c        0x1 src/main.o
                0x0080282c                PRJ_Error
 .bss.CLOCK_Error
                0x0080282d        0x1 src/main.o
                0x0080282d                CLOCK_Error
 .bss.NET_Mode  0x0080282e        0x1 src/main.o
                0x0080282e                NET_Mode
 .bss.SERVICE_ToggleCnt
                0x0080282f        0x1 src/main.o
                0x0080282f                SERVICE_ToggleCnt
 .bss.TRANSP_ToggleCnt
                0x00802830        0x1 src/main.o
                0x00802830                TRANSP_ToggleCnt
 .bss.BUTTON_First
                0x00802831        0x1 src/main.o
                0x00802831                BUTTON_First
 .bss.BUTTON_Second
                0x00802832        0x1 src/main.o
                0x00802832                BUTTON_Second
 .bss.BUTTON_Release
                0x00802833        0x1 src/main.o
                0x00802833                BUTTON_Release
 .bss.TIMESET_CurPos
                0x00802834        0x1 src/main.o
                0x00802834                TIMESET_CurPos
 .bss.ClockShowEn
                0x00802835        0x1 src/main.o
                0x00802835                ClockShowEn
 .bss.DataShowEn
                0x00802836        0x1 src/main.o
                0x00802836                DataShowEn
 .bss.TIME_GetSeconds
                0x00802837        0x1 src/main.o
                0x00802837                TIME_GetSeconds
 .bss.TIME_GetMinutes
                0x00802838        0x1 src/main.o
                0x00802838                TIME_GetMinutes
 .bss.TIME_GetHours
                0x00802839        0x1 src/main.o
                0x00802839                TIME_GetHours
 .bss.TIME_GetDay
                0x0080283a        0x1 src/main.o
                0x0080283a                TIME_GetDay
 .bss.TIME_GetDate
                0x0080283b        0x1 src/main.o
                0x0080283b                TIME_GetDate
 .bss.TIME_GetMonth
                0x0080283c        0x1 src/main.o
                0x0080283c                TIME_GetMonth
 .bss.TIME_GetYear
                0x0080283d        0x1 src/main.o
                0x0080283d                TIME_GetYear
 .bss.TIMESET_ShowSeconds
                0x0080283e        0x1 src/main.o
                0x0080283e                TIMESET_ShowSeconds
 .bss.TIMESET_ShowMinutes
                0x0080283f        0x1 src/main.o
                0x0080283f                TIMESET_ShowMinutes
 .bss.TIMESET_ShowHours
                0x00802840        0x1 src/main.o
                0x00802840                TIMESET_ShowHours
 .bss.TIMESET_ShowDay
                0x00802841        0x1 src/main.o
                0x00802841                TIMESET_ShowDay
 .bss.TIMESET_ShowDate
                0x00802842        0x1 src/main.o
                0x00802842                TIMESET_ShowDate
 .bss.TIMESET_ShowMonth
                0x00802843        0x1 src/main.o
                0x00802843                TIMESET_ShowMonth
 .bss.TIMESET_ShowYear
                0x00802844        0x1 src/main.o
                0x00802844                TIMESET_ShowYear
 .bss.TIMESET_ClockFailed
                0x00802845        0x1 src/main.o
                0x00802845                TIMESET_ClockFailed
 .bss.CONTRAST_Contrast
                0x00802846        0x1 src/main.o
                0x00802846                CONTRAST_Contrast
 .bss.Mode      0x00802847        0x1 src/main.o
                0x00802847                Mode
 .bss.MenuShift
                0x00802848        0x1 src/main.o
                0x00802848                MenuShift
 .bss.RegMenuShift
                0x00802849        0x1 src/main.o
                0x00802849                RegMenuShift
 .bss.SETTINGS_Delay
                0x0080284a        0x1 src/main.o
                0x0080284a                SETTINGS_Delay
 .bss.SETTINGS_Baud
                0x0080284b        0x1 src/main.o
                0x0080284b                SETTINGS_Baud
 .bss.SETTINGS_Cyckle
                0x0080284c        0x1 src/main.o
                0x0080284c                SETTINGS_Cyckle
 .bss.SETTINGS_Rate
                0x0080284d        0x1 src/main.o
                0x0080284d                SETTINGS_Rate
 .bss.SETTINGS_Num
                0x0080284e        0x1 src/main.o
                0x0080284e                SETTINGS_Num
 .bss.SETTINGS_Adr
                0x0080284f        0x4 src/main.o
                0x0080284f                SETTINGS_Adr
 .bss.SettingsShift
                0x00802853        0x1 src/main.o
                0x00802853                SettingsShift
 .bss.SendToPlc_Amount
                0x00802854        0x1 src/main.o
                0x00802854                SendToPlc_Amount
 .bss.ADP_SendToPlcQueue
                0x00802855        0x1 src/main.o
                0x00802855                ADP_SendToPlcQueue
 .bss.ADP_EventRequestQueue
                0x00802856        0x1 src/main.o
                0x00802856                ADP_EventRequestQueue
 .bss.ADP_EventReqRatioCnt
                0x00802857        0x1 src/main.o
                0x00802857                ADP_EventReqRatioCnt
 .bss.ADP_EventReqReady
                0x00802858        0x1 src/main.o
                0x00802858                ADP_EventReqReady
 .bss.TRANS_STATUS
                0x00802859        0x1 src/main.o
                0x00802859                TRANS_STATUS
 .bss.EDIT_IdField
                0x0080285a        0x1 src/main.o
                0x0080285a                EDIT_IdField
 .bss.EDIT_FieldGet
                0x0080285b        0x1 src/main.o
                0x0080285b                EDIT_FieldGet
 .bss.EDIT_ValStr
                0x0080285c        0x1 src/main.o
                0x0080285c                EDIT_ValStr
 .bss.EDIT_ValCol
                0x0080285d        0x1 src/main.o
                0x0080285d                EDIT_ValCol
 .bss.EDIT_ValLen
                0x0080285e        0x1 src/main.o
                0x0080285e                EDIT_ValLen
 .bss.EDIT_Val  0x0080285f        0x8 src/main.o
                0x0080285f                EDIT_Val
 .bss.EDIT_ValMultiplier
                0x00802867        0x4 src/main.o
                0x00802867                EDIT_ValMultiplier
 .bss.EDIT_ValDivider
                0x0080286b        0x4 src/main.o
                0x0080286b                EDIT_ValDivider
 .bss.EDIT_ValAddition
                0x0080286f        0x4 src/main.o
                0x0080286f                EDIT_ValAddition
 .bss.EDIT_ValPoint
                0x00802873        0x1 src/main.o
                0x00802873                EDIT_ValPoint
 .bss.EDIT_ValPlcAdr
                0x00802874        0x2 src/main.o
                0x00802874                EDIT_ValPlcAdr
 .bss.EDIT_BlinkMarker
                0x00802876        0x1 src/main.o
                0x00802876                EDIT_BlinkMarker
 .bss.EDIT_ValCapture
                0x00802877        0x1 src/main.o
                0x00802877                EDIT_ValCapture
 .bss.SendToPlc_One
                0x00802878        0x1 src/main.o
                0x00802878                SendToPlc_One
 .bss.CONTRAST_ContrastTemp.6040
                0x00802879        0x1 src/main.o
 .bss.SETTINGS_Delay_T.6060
                0x0080287a        0x1 src/main.o
 .bss.SETTINGS_Baud_T.6061
                0x0080287b        0x1 src/main.o
 .bss.SETTINGS_Cykle_T.6062
                0x0080287c        0x1 src/main.o
 .bss.SETTINGS_Rate_T.6063
                0x0080287d        0x1 src/main.o
 .bss.SETTINGS_Num_T.6064
                0x0080287e        0x1 src/main.o
 .bss.SETTINGS_Adr_T.6065
                0x0080287f        0x4 src/main.o
 .bss.REG_SET_TempTOP.6351
                0x00802883        0x1 src/main.o
 .bss.REG_SET_TempBOT.6352
                0x00802884        0x1 src/main.o
 *(COMMON)
 COMMON         0x00802885     0x31ab src/main.o
                0x00802885                timeS2
                0x00802889                SendToPlc_Value
                0x00802899                nu
                0x0080289a                FOCUS_DataCntNewPrev
                0x008028ca                j
                0x008028cc                MBUS_Buf
                0x0080293a                FOCUS_DataCntNewNext
                0x0080296a                ADP_MBUS_Adr
                0x0080296c                APD_FrameFieldStartAdr
                0x0080356c                ADP_NextStart
                0x00803574                APD_EventsBuf
                0x00803594                APD_FrameFieldsAndActionsStartAdr
                0x00803614                ADP_TransMesBuf
                0x00803634                MBUS_ADP
                0x00803734                SendToPlc_Adress
                0x00803744                delta_s
                0x0080374c                s_delta
                0x00803754                FOCUS_DataCntNewStatus
                0x00803784                s_timeout
                0x00803788                ADP_TransMesBody
                0x008037a8                FOCUS_DataCntNext
                0x008037d8                APD_FrameDataFromPlcAdr
                0x008043d8                APD_FrameFieldsAmount
                0x008043f8                APD_FrameDataFromPlcAmount
                0x00804418                ADP_RecMesBuf
                0x00804498                APD_ListAdress
                0x008044d8                ADP_Rec_CRC_Error
                0x008044da                FOCUS_DataCntPrev
                0x0080450a                APD_List
                0x0080456a                i
                0x0080456c                FOCUS_DataAdr
                0x008045cc                ADP_Buf
                0x0080464c                APD_FrameDataFromPlcStr
                0x00804c4c                APD_FrameActionsAmount
                0x00804c6c                FOCUS_DataStatus
                0x00804c9c                APD_FrameActionStartAdr
                0x0080549c                numADPmes
                0x0080549e                MBUS_Datas
                0x008054ac                delta
                0x008054ae                nu2
                0x008054af                MBUS_num
                0x008054b0                BLOCK_Request
                0x00805570                ADP_MBUS_Q
                0x00805572                FOCUS_SpaceArray
                0x008055d2                MB0_State
                0x008056cd                FOCUS_Data
                0x0080572d                timeS1
                0x00805731                SendToPlc_Ready
                0x00805739                ADP_CRC
                0x0080573b                EventStorage
                0x0080583b                MBUS_Register
                0x008059cb                ADP_flag
                0x008059cc                ADP_mis_Error
                0x008059ce                MBUS_Data
                0x008059d0                ADP_MBUS_TransMesBody
                0x008059f0                APD_FrameStartAdr
                0x00805a30                PROVIDE (__bss_end, .)
                0x0001ad12                __data_load_start = LOADADDR (.data)
                0x0001b494                __data_load_end = (__data_load_start + SIZEOF (.data))

.noinit         0x00805a30        0x0
                [!provide]                PROVIDE (__noinit_start, .)
 *(.noinit*)
                [!provide]                PROVIDE (__noinit_end, .)
                0x00805a30                _end = .
                [!provide]                PROVIDE (__heap_start, .)

.eeprom         0x00810000      0x99a
 *(.eeprom*)
 .eeprom        0x00810000      0x99a src/main.o
                0x00810000                EventStorage_TOP_Save
                0x00810001                EventStorage_BOT_Save
                0x00810002                CONTRAST_Save
                0x00810003                ErrorPrjText
                0x00810053                ErrorRmdText
                0x008100a3                InfoText
                0x008100f3                IntroText
                0x00810143                MenuText
                0x00810297                ContrastText
                0x008102e7                RegMenuText
                0x0081035f                RegInfoText
                0x008103af                SETTINGS_DelaySave
                0x008103b0                SETTINGS_DelaySaveFlag
                0x008103b1                SETTINGS_BaudSave
                0x008103b2                SETTINGS_BaudFlag
                0x008103b3                SETTINGS_CyckleSave
                0x008103b4                SETTINGS_CyckleSaveFlag
                0x008103b5                SETTINGS_RateSave
                0x008103b6                SETTINGS_RateSaveFlag
                0x008103b7                SETTINGS_NumSave
                0x008103b8                SETTINGS_NumSaveFlag
                0x008103b9                SETTINGS_AdrSave
                0x008103bd                SETTINGS_AdrSaveFlag
                0x008103be                SettingsText
                0x0081049a                ClockSetText
                0x008104ea                ClockFailedText
                0x0081053a                RegEmptyText
                0x0081058a                RegErrorText
                0x008105da                RegOutText
                0x0081062a                RegShowText
                0x0081067a                RegResetText
                0x008106ca                RegSaveText
                0x0081071a                RegSaveProgressText
                0x0081076a                RegSaveCompletedText
                0x008107ba                RegSetText
                0x0081080a                TranspSelectText
                0x0081085a                TranspConfirmText
                0x008108aa                TranspProgressText
                0x008108fa                TranspActiveText
                0x0081094a                DiagnosticText
                0x0081099a                __eeprom_end = .

.fuse
 *(.fuse)
 *(.lfuse)
 *(.hfuse)
 *(.efuse)

.lock
 *(.lock*)

.signature
 *(.signature*)

.user_signatures
 *(.user_signatures*)

.stab
 *(.stab)

.stabstr
 *(.stabstr)

.stab.excl
 *(.stab.excl)

.stab.exclstr
 *(.stab.exclstr)

.stab.index
 *(.stab.index)

.stab.indexstr
 *(.stab.indexstr)

.comment        0x00000000       0x30
 *(.comment)
 .comment       0x00000000       0x30 src/asf/common/services/clock/xmega/sysclk.o
                                 0x31 (size before relaxing)
 .comment       0x00000030       0x31 src/asf/xmega/drivers/tc/tc.o
 .comment       0x00000030       0x31 src/asf/xmega/drivers/usart/usart.o
 .comment       0x00000030       0x31 src/eeprom/eeprom.o
 .comment       0x00000030       0x31 src/lcd/lcd.o
 .comment       0x00000030       0x31 src/main.o
 .comment       0x00000030       0x31 src/modbus/Mbus.o
 .comment       0x00000030       0x31 src/twi/twi.o
 .comment       0x00000030       0x31 f:/program files (x86)/atmel/studio/7.0/toolchain/avr8/avr8-gnu-toolchain/bin/../lib/gcc/avr/5.4.0/../../../../avr/lib/avrxmega6\libc.a(qsort.o)

.note.gnu.avr.deviceinfo
                0x00000000       0x40
 .note.gnu.avr.deviceinfo
                0x00000000       0x40 F:/Program Files (x86)/Atmel/Studio/7.0/Packs/atmel/XMEGAA_DFP/1.3.146/gcc/dev/atxmega256a3/avrxmega6/crtatxmega256a3.o

.note.gnu.build-id
 *(.note.gnu.build-id)

.debug
 *(.debug)

.line
 *(.line)

.debug_srcinfo
 *(.debug_srcinfo)

.debug_sfnames
 *(.debug_sfnames)

.debug_aranges  0x00000000      0x810
 *(.debug_aranges)
 .debug_aranges
                0x00000000       0x70 src/asf/common/services/clock/xmega/sysclk.o
 .debug_aranges
                0x00000070       0x20 src/asf/xmega/drivers/cpu/ccp.o
 .debug_aranges
                0x00000090      0x158 src/asf/xmega/drivers/tc/tc.o
 .debug_aranges
                0x000001e8       0xb0 src/asf/xmega/drivers/usart/usart.o
 .debug_aranges
                0x00000298       0x30 src/eeprom/eeprom.o
 .debug_aranges
                0x000002c8       0xa0 src/lcd/lcd.o
 .debug_aranges
                0x00000368      0x2c8 src/main.o
 .debug_aranges
                0x00000630       0x68 src/modbus/Mbus.o
 .debug_aranges
                0x00000698      0x138 src/twi/twi.o
 .debug_aranges
                0x000007d0       0x20 F:/Program Files (x86)/Atmel/Studio/7.0/Packs/atmel/XMEGAA_DFP/1.3.146/gcc/dev/atxmega256a3/avrxmega6\libatxmega256a3.a(eerd_byte.o)
 .debug_aranges
                0x000007f0       0x20 F:/Program Files (x86)/Atmel/Studio/7.0/Packs/atmel/XMEGAA_DFP/1.3.146/gcc/dev/atxmega256a3/avrxmega6\libatxmega256a3.a(eewr_byte.o)

.debug_pubnames
 *(.debug_pubnames)

.debug_info     0x00000000     0xd862
 *(.debug_info .gnu.linkonce.wi.*)
 .debug_info    0x00000000     0x2c3e F:/Program Files (x86)/Atmel/Studio/7.0/Packs/atmel/XMEGAA_DFP/1.3.146/gcc/dev/atxmega256a3/avrxmega6/crtatxmega256a3.o
 .debug_info    0x00002c3e      0x528 src/asf/common/services/clock/xmega/sysclk.o
 .debug_info    0x00003166       0x6f src/asf/xmega/drivers/cpu/ccp.o
 .debug_info    0x000031d5     0x13f4 src/asf/xmega/drivers/tc/tc.o
 .debug_info    0x000045c9      0x99c src/asf/xmega/drivers/usart/usart.o
 .debug_info    0x00004f65      0x19f src/eeprom/eeprom.o
 .debug_info    0x00005104      0xbb4 src/lcd/lcd.o
 .debug_info    0x00005cb8     0x68fb src/main.o
 .debug_info    0x0000c5b3      0xabb src/modbus/Mbus.o
 .debug_info    0x0000d06e      0x6b2 src/twi/twi.o
 .debug_info    0x0000d720       0xa1 F:/Program Files (x86)/Atmel/Studio/7.0/Packs/atmel/XMEGAA_DFP/1.3.146/gcc/dev/atxmega256a3/avrxmega6\libatxmega256a3.a(eerd_byte.o)
 .debug_info    0x0000d7c1       0xa1 F:/Program Files (x86)/Atmel/Studio/7.0/Packs/atmel/XMEGAA_DFP/1.3.146/gcc/dev/atxmega256a3/avrxmega6\libatxmega256a3.a(eewr_byte.o)

.debug_abbrev   0x00000000     0x3977
 *(.debug_abbrev)
 .debug_abbrev  0x00000000     0x29e6 F:/Program Files (x86)/Atmel/Studio/7.0/Packs/atmel/XMEGAA_DFP/1.3.146/gcc/dev/atxmega256a3/avrxmega6/crtatxmega256a3.o
 .debug_abbrev  0x000029e6      0x199 src/asf/common/services/clock/xmega/sysclk.o
 .debug_abbrev  0x00002b7f       0x14 src/asf/xmega/drivers/cpu/ccp.o
 .debug_abbrev  0x00002b93      0x20a src/asf/xmega/drivers/tc/tc.o
 .debug_abbrev  0x00002d9d      0x24f src/asf/xmega/drivers/usart/usart.o
 .debug_abbrev  0x00002fec       0xc4 src/eeprom/eeprom.o
 .debug_abbrev  0x000030b0      0x23c src/lcd/lcd.o
 .debug_abbrev  0x000032ec      0x392 src/main.o
 .debug_abbrev  0x0000367e      0x1c3 src/modbus/Mbus.o
 .debug_abbrev  0x00003841      0x10e src/twi/twi.o
 .debug_abbrev  0x0000394f       0x14 F:/Program Files (x86)/Atmel/Studio/7.0/Packs/atmel/XMEGAA_DFP/1.3.146/gcc/dev/atxmega256a3/avrxmega6\libatxmega256a3.a(eerd_byte.o)
 .debug_abbrev  0x00003963       0x14 F:/Program Files (x86)/Atmel/Studio/7.0/Packs/atmel/XMEGAA_DFP/1.3.146/gcc/dev/atxmega256a3/avrxmega6\libatxmega256a3.a(eewr_byte.o)

.debug_line     0x00000000     0xbf4e
 *(.debug_line .debug_line.* .debug_line_end)
 .debug_line    0x00000000      0x37f F:/Program Files (x86)/Atmel/Studio/7.0/Packs/atmel/XMEGAA_DFP/1.3.146/gcc/dev/atxmega256a3/avrxmega6/crtatxmega256a3.o
 .debug_line    0x0000037f      0x6bd src/asf/common/services/clock/xmega/sysclk.o
 .debug_line    0x00000a3c       0x6e src/asf/xmega/drivers/cpu/ccp.o
 .debug_line    0x00000aaa      0xec4 src/asf/xmega/drivers/tc/tc.o
 .debug_line    0x0000196e      0xa15 src/asf/xmega/drivers/usart/usart.o
 .debug_line    0x00002383      0x6dc src/eeprom/eeprom.o
 .debug_line    0x00002a5f      0xe54 src/lcd/lcd.o
 .debug_line    0x000038b3     0x70b9 src/main.o
 .debug_line    0x0000a96c      0xad5 src/modbus/Mbus.o
 .debug_line    0x0000b441      0x949 src/twi/twi.o
 .debug_line    0x0000bd8a       0xa9 F:/Program Files (x86)/Atmel/Studio/7.0/Packs/atmel/XMEGAA_DFP/1.3.146/gcc/dev/atxmega256a3/avrxmega6\libatxmega256a3.a(eerd_byte.o)
 .debug_line    0x0000be33      0x11b F:/Program Files (x86)/Atmel/Studio/7.0/Packs/atmel/XMEGAA_DFP/1.3.146/gcc/dev/atxmega256a3/avrxmega6\libatxmega256a3.a(eewr_byte.o)

.debug_frame    0x00000000     0x2c4c
 *(.debug_frame)
 .debug_frame   0x00000000      0x174 src/asf/common/services/clock/xmega/sysclk.o
 .debug_frame   0x00000174      0xc84 src/asf/xmega/drivers/tc/tc.o
 .debug_frame   0x00000df8      0x2b4 src/asf/xmega/drivers/usart/usart.o
 .debug_frame   0x000010ac       0x74 src/eeprom/eeprom.o
 .debug_frame   0x00001120      0x45c src/lcd/lcd.o
 .debug_frame   0x0000157c     0x10e8 src/main.o
 .debug_frame   0x00002664      0x154 src/modbus/Mbus.o
 .debug_frame   0x000027b8      0x494 src/twi/twi.o

.debug_str      0x00000000    0x265ba
 *(.debug_str)
 .debug_str     0x00000000     0x1d78 F:/Program Files (x86)/Atmel/Studio/7.0/Packs/atmel/XMEGAA_DFP/1.3.146/gcc/dev/atxmega256a3/avrxmega6/crtatxmega256a3.o
 .debug_str     0x00001d78    0x1dfbc src/asf/common/services/clock/xmega/sysclk.o
                              0x1e72a (size before relaxing)
 .debug_str     0x0001fd34      0xce8 src/asf/xmega/drivers/tc/tc.o
                              0x1f13c (size before relaxing)
 .debug_str     0x00020a1c      0xac9 src/asf/xmega/drivers/usart/usart.o
                              0x1f0de (size before relaxing)
 .debug_str     0x000214e5      0x5ff src/eeprom/eeprom.o
                              0x1e3f1 (size before relaxing)
 .debug_str     0x00021ae4      0x825 src/lcd/lcd.o
                              0x1eb89 (size before relaxing)
 .debug_str     0x00022309     0x3d19 src/main.o
                              0x24040 (size before relaxing)
 .debug_str     0x00026022       0xa8 src/modbus/Mbus.o
                              0x1f3e4 (size before relaxing)
 .debug_str     0x000260ca      0x4f0 src/twi/twi.o
                              0x1e85f (size before relaxing)

.debug_loc      0x00000000     0x6380
 *(.debug_loc)
 .debug_loc     0x00000000      0x318 src/asf/common/services/clock/xmega/sysclk.o
 .debug_loc     0x00000318     0x1dbc src/asf/xmega/drivers/tc/tc.o
 .debug_loc     0x000020d4      0x5c9 src/asf/xmega/drivers/usart/usart.o
 .debug_loc     0x0000269d       0xd8 src/eeprom/eeprom.o
 .debug_loc     0x00002775      0xa2b src/lcd/lcd.o
 .debug_loc     0x000031a0     0x26aa src/main.o
 .debug_loc     0x0000584a      0x268 src/modbus/Mbus.o
 .debug_loc     0x00005ab2      0x8ce src/twi/twi.o

.debug_macinfo
 *(.debug_macinfo)

.debug_weaknames
 *(.debug_weaknames)

.debug_funcnames
 *(.debug_funcnames)

.debug_typenames
 *(.debug_typenames)

.debug_varnames
 *(.debug_varnames)

.debug_pubtypes
 *(.debug_pubtypes)

.debug_ranges   0x00000000      0x730
 *(.debug_ranges)
 .debug_ranges  0x00000000       0x60 src/asf/common/services/clock/xmega/sysclk.o
 .debug_ranges  0x00000060      0x148 src/asf/xmega/drivers/tc/tc.o
 .debug_ranges  0x000001a8       0xa0 src/asf/xmega/drivers/usart/usart.o
 .debug_ranges  0x00000248       0x20 src/eeprom/eeprom.o
 .debug_ranges  0x00000268       0x90 src/lcd/lcd.o
 .debug_ranges  0x000002f8      0x2b8 src/main.o
 .debug_ranges  0x000005b0       0x58 src/modbus/Mbus.o
 .debug_ranges  0x00000608      0x128 src/twi/twi.o

.debug_macro    0x00000000     0x20a5
 *(.debug_macro)
 .debug_macro   0x00000000      0x1c5 src/asf/common/services/clock/xmega/sysclk.o
 .debug_macro   0x000001c5       0x2e src/asf/common/services/clock/xmega/sysclk.o
 .debug_macro   0x000001f3       0xca src/asf/common/services/clock/xmega/sysclk.o
 .debug_macro   0x000002bd       0x73 src/asf/common/services/clock/xmega/sysclk.o
 .debug_macro   0x00000330       0x2f src/asf/common/services/clock/xmega/sysclk.o
 .debug_macro   0x0000035f       0xdf src/asf/common/services/clock/xmega/sysclk.o
 .debug_macro   0x0000043e      0x218 src/asf/xmega/drivers/tc/tc.o
 .debug_macro   0x00000656      0x302 src/asf/xmega/drivers/tc/tc.o
 .debug_macro   0x00000958       0x12 src/asf/xmega/drivers/tc/tc.o
 .debug_macro   0x0000096a      0x1e6 src/asf/xmega/drivers/usart/usart.o
 .debug_macro   0x00000b50      0x192 src/asf/xmega/drivers/usart/usart.o
 .debug_macro   0x00000ce2      0x1d3 src/eeprom/eeprom.o
 .debug_macro   0x00000eb5       0x58 src/eeprom/eeprom.o
 .debug_macro   0x00000f0d       0x10 src/eeprom/eeprom.o
 .debug_macro   0x00000f1d       0xf2 src/eeprom/eeprom.o
 .debug_macro   0x0000100f       0x28 src/eeprom/eeprom.o
 .debug_macro   0x00001037      0x1cb src/lcd/lcd.o
 .debug_macro   0x00001202       0x10 src/lcd/lcd.o
 .debug_macro   0x00001212      0x160 src/lcd/lcd.o
 .debug_macro   0x00001372       0x7c src/lcd/lcd.o
 .debug_macro   0x000013ee      0x2f6 src/main.o
 .debug_macro   0x000016e4       0x76 src/main.o
 .debug_macro   0x0000175a       0x2e src/main.o
 .debug_macro   0x00001788       0x33 src/main.o
 .debug_macro   0x000017bb       0xa0 src/main.o
 .debug_macro   0x0000185b      0x1f3 src/main.o
 .debug_macro   0x00001a4e      0x1cf src/modbus/Mbus.o
 .debug_macro   0x00001c1d       0x97 src/modbus/Mbus.o
 .debug_macro   0x00001cb4       0x9a src/modbus/Mbus.o
 .debug_macro   0x00001d4e       0xaa src/modbus/Mbus.o
 .debug_macro   0x00001df8       0xf6 src/modbus/Mbus.o
 .debug_macro   0x00001eee      0x1b7 src/twi/twi.o
OUTPUT(opk_xmega256_a3.elf elf32-avr)
LOAD linker stubs
